---
source: crates/vue_oxlint_jsx/src/test/mod.rs
expression: result
---
=============== Program ===============
Program {
    span: Span {
        start: 0,
        end: 148,
    },
    node_id: Cell {
        value: NodeId(0),
    },
    scope_id: Cell {
        value: None,
    },
    source_text: "<template>\n  <div>\n    \n  </div>\n</template>\n\n<script>\nconst count = 0\n\nexport default {\n  data() {\n    return {\n      count\n    }\n  }\n}\n</script>\n\n",
    comments: Vec(
        [],
    ),
    hashbang: None,
    directives: Vec(
        [],
    ),
    body: Vec(
        [
            VariableDeclaration(
                VariableDeclaration {
                    span: Span {
                        start: 55,
                        end: 70,
                    },
                    node_id: Cell {
                        value: NodeId(0),
                    },
                    kind: Const,
                    declare: false,
                    declarations: Vec(
                        [
                            VariableDeclarator {
                                span: Span {
                                    start: 61,
                                    end: 70,
                                },
                                node_id: Cell {
                                    value: NodeId(0),
                                },
                                kind: Const,
                                definite: false,
                                id: BindingIdentifier(
                                    BindingIdentifier {
                                        span: Span {
                                            start: 61,
                                            end: 66,
                                        },
                                        node_id: Cell {
                                            value: NodeId(0),
                                        },
                                        symbol_id: Cell {
                                            value: None,
                                        },
                                        name: "count",
                                    },
                                ),
                                type_annotation: None,
                                init: Some(
                                    NumericLiteral(
                                        NumericLiteral {
                                            span: Span {
                                                start: 69,
                                                end: 70,
                                            },
                                            node_id: Cell {
                                                value: NodeId(0),
                                            },
                                            base: Decimal,
                                            raw: Some(
                                                "0",
                                            ),
                                            value: 0.0,
                                        },
                                    ),
                                ),
                            },
                        ],
                    ),
                },
            ),
            ExportDefaultDeclaration(
                ExportDefaultDeclaration {
                    span: Span {
                        start: 72,
                        end: 136,
                    },
                    node_id: Cell {
                        value: NodeId(0),
                    },
                    declaration: ObjectExpression(
                        ObjectExpression {
                            span: Span {
                                start: 87,
                                end: 136,
                            },
                            node_id: Cell {
                                value: NodeId(0),
                            },
                            properties: Vec(
                                [
                                    ObjectProperty(
                                        ObjectProperty {
                                            span: Span {
                                                start: 91,
                                                end: 134,
                                            },
                                            node_id: Cell {
                                                value: NodeId(0),
                                            },
                                            kind: Init,
                                            method: true,
                                            shorthand: false,
                                            computed: false,
                                            key: StaticIdentifier(
                                                IdentifierName {
                                                    span: Span {
                                                        start: 91,
                                                        end: 95,
                                                    },
                                                    node_id: Cell {
                                                        value: NodeId(0),
                                                    },
                                                    name: "data",
                                                },
                                            ),
                                            value: FunctionExpression(
                                                Function {
                                                    span: Span {
                                                        start: 95,
                                                        end: 134,
                                                    },
                                                    node_id: Cell {
                                                        value: NodeId(0),
                                                    },
                                                    scope_id: Cell {
                                                        value: None,
                                                    },
                                                    id: None,
                                                    type_parameters: None,
                                                    this_param: None,
                                                    params: FormalParameters {
                                                        span: Span {
                                                            start: 95,
                                                            end: 97,
                                                        },
                                                        node_id: Cell {
                                                            value: NodeId(0),
                                                        },
                                                        kind: UniqueFormalParameters,
                                                        items: Vec(
                                                            [],
                                                        ),
                                                        rest: None,
                                                    },
                                                    return_type: None,
                                                    body: Some(
                                                        FunctionBody {
                                                            span: Span {
                                                                start: 98,
                                                                end: 134,
                                                            },
                                                            node_id: Cell {
                                                                value: NodeId(0),
                                                            },
                                                            directives: Vec(
                                                                [],
                                                            ),
                                                            statements: Vec(
                                                                [
                                                                    ReturnStatement(
                                                                        ReturnStatement {
                                                                            span: Span {
                                                                                start: 104,
                                                                                end: 130,
                                                                            },
                                                                            node_id: Cell {
                                                                                value: NodeId(0),
                                                                            },
                                                                            argument: Some(
                                                                                ObjectExpression(
                                                                                    ObjectExpression {
                                                                                        span: Span {
                                                                                            start: 111,
                                                                                            end: 130,
                                                                                        },
                                                                                        node_id: Cell {
                                                                                            value: NodeId(0),
                                                                                        },
                                                                                        properties: Vec(
                                                                                            [
                                                                                                ObjectProperty(
                                                                                                    ObjectProperty {
                                                                                                        span: Span {
                                                                                                            start: 119,
                                                                                                            end: 124,
                                                                                                        },
                                                                                                        node_id: Cell {
                                                                                                            value: NodeId(0),
                                                                                                        },
                                                                                                        kind: Init,
                                                                                                        method: false,
                                                                                                        shorthand: true,
                                                                                                        computed: false,
                                                                                                        key: StaticIdentifier(
                                                                                                            IdentifierName {
                                                                                                                span: Span {
                                                                                                                    start: 119,
                                                                                                                    end: 124,
                                                                                                                },
                                                                                                                node_id: Cell {
                                                                                                                    value: NodeId(0),
                                                                                                                },
                                                                                                                name: "count",
                                                                                                            },
                                                                                                        ),
                                                                                                        value: Identifier(
                                                                                                            IdentifierReference {
                                                                                                                span: Span {
                                                                                                                    start: 119,
                                                                                                                    end: 124,
                                                                                                                },
                                                                                                                node_id: Cell {
                                                                                                                    value: NodeId(0),
                                                                                                                },
                                                                                                                reference_id: Cell {
                                                                                                                    value: None,
                                                                                                                },
                                                                                                                name: "count",
                                                                                                            },
                                                                                                        ),
                                                                                                    },
                                                                                                ),
                                                                                            ],
                                                                                        ),
                                                                                    },
                                                                                ),
                                                                            ),
                                                                        },
                                                                    ),
                                                                ],
                                                            ),
                                                        },
                                                    ),
                                                    type: FunctionExpression,
                                                    generator: false,
                                                    async: false,
                                                    declare: false,
                                                    pure: false,
                                                    pife: false,
                                                },
                                            ),
                                        },
                                    ),
                                ],
                            ),
                        },
                    ),
                },
            ),
            ExpressionStatement(
                ExpressionStatement {
                    span: Span {
                        start: 0,
                        end: 0,
                    },
                    node_id: Cell {
                        value: NodeId(0),
                    },
                    expression: ArrowFunctionExpression(
                        ArrowFunctionExpression {
                            span: Span {
                                start: 0,
                                end: 0,
                            },
                            node_id: Cell {
                                value: NodeId(0),
                            },
                            scope_id: Cell {
                                value: None,
                            },
                            type_parameters: None,
                            params: FormalParameters {
                                span: Span {
                                    start: 0,
                                    end: 0,
                                },
                                node_id: Cell {
                                    value: NodeId(0),
                                },
                                kind: ArrowFormalParameters,
                                items: Vec(
                                    [],
                                ),
                                rest: None,
                            },
                            return_type: None,
                            body: FunctionBody {
                                span: Span {
                                    start: 0,
                                    end: 0,
                                },
                                node_id: Cell {
                                    value: NodeId(0),
                                },
                                directives: Vec(
                                    [],
                                ),
                                statements: Vec(
                                    [
                                        ExpressionStatement(
                                            ExpressionStatement {
                                                span: Span {
                                                    start: 0,
                                                    end: 0,
                                                },
                                                node_id: Cell {
                                                    value: NodeId(0),
                                                },
                                                expression: JSXFragment(
                                                    JSXFragment {
                                                        span: Span {
                                                            start: 0,
                                                            end: 0,
                                                        },
                                                        node_id: Cell {
                                                            value: NodeId(0),
                                                        },
                                                        opening_fragment: JSXOpeningFragment {
                                                            span: Span {
                                                                start: 0,
                                                                end: 0,
                                                            },
                                                            node_id: Cell {
                                                                value: NodeId(0),
                                                            },
                                                        },
                                                        children: Vec(
                                                            [
                                                                Element(
                                                                    JSXElement {
                                                                        span: Span {
                                                                            start: 0,
                                                                            end: 44,
                                                                        },
                                                                        node_id: Cell {
                                                                            value: NodeId(0),
                                                                        },
                                                                        opening_element: JSXOpeningElement {
                                                                            span: Span {
                                                                                start: 0,
                                                                                end: 10,
                                                                            },
                                                                            node_id: Cell {
                                                                                value: NodeId(0),
                                                                            },
                                                                            name: Identifier(
                                                                                JSXIdentifier {
                                                                                    span: Span {
                                                                                        start: 1,
                                                                                        end: 9,
                                                                                    },
                                                                                    node_id: Cell {
                                                                                        value: NodeId(0),
                                                                                    },
                                                                                    name: "template",
                                                                                },
                                                                            ),
                                                                            type_arguments: None,
                                                                            attributes: Vec(
                                                                                [],
                                                                            ),
                                                                        },
                                                                        children: Vec(
                                                                            [
                                                                                Text(
                                                                                    JSXText {
                                                                                        span: Span {
                                                                                            start: 10,
                                                                                            end: 13,
                                                                                        },
                                                                                        node_id: Cell {
                                                                                            value: NodeId(0),
                                                                                        },
                                                                                        value: "\n  ",
                                                                                        raw: Some(
                                                                                            "\n  ",
                                                                                        ),
                                                                                    },
                                                                                ),
                                                                                Element(
                                                                                    JSXElement {
                                                                                        span: Span {
                                                                                            start: 13,
                                                                                            end: 32,
                                                                                        },
                                                                                        node_id: Cell {
                                                                                            value: NodeId(0),
                                                                                        },
                                                                                        opening_element: JSXOpeningElement {
                                                                                            span: Span {
                                                                                                start: 13,
                                                                                                end: 18,
                                                                                            },
                                                                                            node_id: Cell {
                                                                                                value: NodeId(0),
                                                                                            },
                                                                                            name: Identifier(
                                                                                                JSXIdentifier {
                                                                                                    span: Span {
                                                                                                        start: 14,
                                                                                                        end: 17,
                                                                                                    },
                                                                                                    node_id: Cell {
                                                                                                        value: NodeId(0),
                                                                                                    },
                                                                                                    name: "div",
                                                                                                },
                                                                                            ),
                                                                                            type_arguments: None,
                                                                                            attributes: Vec(
                                                                                                [],
                                                                                            ),
                                                                                        },
                                                                                        children: Vec(
                                                                                            [],
                                                                                        ),
                                                                                        closing_element: Some(
                                                                                            JSXClosingElement {
                                                                                                span: Span {
                                                                                                    start: 26,
                                                                                                    end: 32,
                                                                                                },
                                                                                                node_id: Cell {
                                                                                                    value: NodeId(0),
                                                                                                },
                                                                                                name: Identifier(
                                                                                                    JSXIdentifier {
                                                                                                        span: Span {
                                                                                                            start: 28,
                                                                                                            end: 31,
                                                                                                        },
                                                                                                        node_id: Cell {
                                                                                                            value: NodeId(0),
                                                                                                        },
                                                                                                        name: "div",
                                                                                                    },
                                                                                                ),
                                                                                            },
                                                                                        ),
                                                                                    },
                                                                                ),
                                                                                Text(
                                                                                    JSXText {
                                                                                        span: Span {
                                                                                            start: 32,
                                                                                            end: 33,
                                                                                        },
                                                                                        node_id: Cell {
                                                                                            value: NodeId(0),
                                                                                        },
                                                                                        value: "\n",
                                                                                        raw: Some(
                                                                                            "\n",
                                                                                        ),
                                                                                    },
                                                                                ),
                                                                            ],
                                                                        ),
                                                                        closing_element: Some(
                                                                            JSXClosingElement {
                                                                                span: Span {
                                                                                    start: 33,
                                                                                    end: 44,
                                                                                },
                                                                                node_id: Cell {
                                                                                    value: NodeId(0),
                                                                                },
                                                                                name: Identifier(
                                                                                    JSXIdentifier {
                                                                                        span: Span {
                                                                                            start: 35,
                                                                                            end: 43,
                                                                                        },
                                                                                        node_id: Cell {
                                                                                            value: NodeId(0),
                                                                                        },
                                                                                        name: "template",
                                                                                    },
                                                                                ),
                                                                            },
                                                                        ),
                                                                    },
                                                                ),
                                                                Text(
                                                                    JSXText {
                                                                        span: Span {
                                                                            start: 44,
                                                                            end: 46,
                                                                        },
                                                                        node_id: Cell {
                                                                            value: NodeId(0),
                                                                        },
                                                                        value: "\n\n",
                                                                        raw: Some(
                                                                            "\n\n",
                                                                        ),
                                                                    },
                                                                ),
                                                                Element(
                                                                    JSXElement {
                                                                        span: Span {
                                                                            start: 46,
                                                                            end: 146,
                                                                        },
                                                                        node_id: Cell {
                                                                            value: NodeId(0),
                                                                        },
                                                                        opening_element: JSXOpeningElement {
                                                                            span: Span {
                                                                                start: 46,
                                                                                end: 54,
                                                                            },
                                                                            node_id: Cell {
                                                                                value: NodeId(0),
                                                                            },
                                                                            name: Identifier(
                                                                                JSXIdentifier {
                                                                                    span: Span {
                                                                                        start: 47,
                                                                                        end: 53,
                                                                                    },
                                                                                    node_id: Cell {
                                                                                        value: NodeId(0),
                                                                                    },
                                                                                    name: "script",
                                                                                },
                                                                            ),
                                                                            type_arguments: None,
                                                                            attributes: Vec(
                                                                                [],
                                                                            ),
                                                                        },
                                                                        children: Vec(
                                                                            [],
                                                                        ),
                                                                        closing_element: Some(
                                                                            JSXClosingElement {
                                                                                span: Span {
                                                                                    start: 137,
                                                                                    end: 146,
                                                                                },
                                                                                node_id: Cell {
                                                                                    value: NodeId(0),
                                                                                },
                                                                                name: Identifier(
                                                                                    JSXIdentifier {
                                                                                        span: Span {
                                                                                            start: 139,
                                                                                            end: 145,
                                                                                        },
                                                                                        node_id: Cell {
                                                                                            value: NodeId(0),
                                                                                        },
                                                                                        name: "script",
                                                                                    },
                                                                                ),
                                                                            },
                                                                        ),
                                                                    },
                                                                ),
                                                                Text(
                                                                    JSXText {
                                                                        span: Span {
                                                                            start: 146,
                                                                            end: 148,
                                                                        },
                                                                        node_id: Cell {
                                                                            value: NodeId(0),
                                                                        },
                                                                        value: "\n\n",
                                                                        raw: Some(
                                                                            "\n\n",
                                                                        ),
                                                                    },
                                                                ),
                                                            ],
                                                        ),
                                                        closing_fragment: JSXClosingFragment {
                                                            span: Span {
                                                                start: 0,
                                                                end: 0,
                                                            },
                                                            node_id: Cell {
                                                                value: NodeId(0),
                                                            },
                                                        },
                                                    },
                                                ),
                                            },
                                        ),
                                    ],
                                ),
                            },
                            expression: false,
                            async: true,
                            pure: false,
                            pife: false,
                        },
                    ),
                },
            ),
        ],
    ),
    source_type: SourceType {
        language: JavaScript,
        module_kind: Unambiguous,
        variant: Jsx,
        extension: Some(
            Js,
        ),
    },
}

===============  Error  ===============
[]

=============== Codegen ===============
const count = 0;
export default { data() {
	return { count };
} };
async () => {
	<><template>
  <div></div>
</template>

<script></script>

</>;
};


===============  Spans  ===============
Slice: "<template>\n  <div>\n    \n  </div>\n</templ..[OMIT]..rn {\n      count\n    }\n  }\n}\n</script>\n\n"; 
Span: (0, 148); 
Type: Program; 

Slice: "const count = 0"; 
Span: (55, 70); 
Type: VariableDeclaration; 

Slice: "count = 0"; 
Span: (61, 70); 
Type: VariableDeclarator; 

Slice: "count"; 
Span: (61, 66); 
Type: BindingIdentifier; 

Slice: "0"; 
Span: (69, 70); 
Type: NumericLiteral; 

Slice: "export default {\n  data() {\n    return {\n      count\n    }\n  }\n}"; 
Span: (72, 136); 
Type: ExportDefaultDeclaration; 

Slice: "{\n  data() {\n    return {\n      count\n    }\n  }\n}"; 
Span: (87, 136); 
Type: ObjectExpression; 

Slice: "data() {\n    return {\n      count\n    }\n  }"; 
Span: (91, 134); 
Type: ObjectProperty; 

Slice: "data"; 
Span: (91, 95); 
Type: IdentifierName; 

Slice: "() {\n    return {\n      count\n    }\n  }"; 
Span: (95, 134); 
Type: Function; 

Slice: "()"; 
Span: (95, 97); 
Type: FormalParameters; 

Slice: "{\n    return {\n      count\n    }\n  }"; 
Span: (98, 134); 
Type: FunctionBody; 

Slice: "return {\n      count\n    }"; 
Span: (104, 130); 
Type: ReturnStatement; 

Slice: "{\n      count\n    }"; 
Span: (111, 130); 
Type: ObjectExpression; 

Slice: "count"; 
Span: (119, 124); 
Type: ObjectProperty; 

Slice: "count"; 
Span: (119, 124); 
Type: IdentifierName; 

Slice: "count"; 
Span: (119, 124); 
Type: IdentifierReference; 

Slice: "<template>\n  <div>\n    \n  </div>\n</template>"; 
Span: (0, 44); 
Type: JSXElement; 

Slice: "<template>"; 
Span: (0, 10); 
Type: JSXOpeningElement; 

Slice: "template"; 
Span: (1, 9); 
Type: JSXIdentifier; 

Slice: "\n  "; 
Span: (10, 13); 
Type: JSXText; 

Slice: "<div>\n    \n  </div>"; 
Span: (13, 32); 
Type: JSXElement; 

Slice: "<div>"; 
Span: (13, 18); 
Type: JSXOpeningElement; 

Slice: "div"; 
Span: (14, 17); 
Type: JSXIdentifier; 

Slice: "</div>"; 
Span: (26, 32); 
Type: JSXClosingElement; 

Slice: "div"; 
Span: (28, 31); 
Type: JSXIdentifier; 

Slice: "\n"; 
Span: (32, 33); 
Type: JSXText; 

Slice: "</template>"; 
Span: (33, 44); 
Type: JSXClosingElement; 

Slice: "template"; 
Span: (35, 43); 
Type: JSXIdentifier; 

Slice: "\n\n"; 
Span: (44, 46); 
Type: JSXText; 

Slice: "<script>\nconst count = 0\n\nexport default..[OMIT]..turn {\n      count\n    }\n  }\n}\n</script>"; 
Span: (46, 146); 
Type: JSXElement; 

Slice: "<script>"; 
Span: (46, 54); 
Type: JSXOpeningElement; 

Slice: "script"; 
Span: (47, 53); 
Type: JSXIdentifier; 

Slice: "</script>"; 
Span: (137, 146); 
Type: JSXClosingElement; 

Slice: "script"; 
Span: (139, 145); 
Type: JSXIdentifier; 

Slice: "\n\n"; 
Span: (146, 148); 
Type: JSXText;
