---
source: crates/vue_oxlint_jsx/src/test/codegen.rs
expression: "&codegen"
---
async () => {
	<><template>
  
  
  
  
  {a ? <><div v-if:={}>A</div></> : b ? <><div v-else-if:={}>B</div></> : c ? <><div v-else-if:={}>C</div></> : d ? <><div v-else-if:={}>D</div></> : <><div v-else:>E</div></>}
  
  
  {x ? <><div v-if:={}>X</div></> : <><div v-else:>Y</div></>}
  
  
  {z ? <><div v-if:={}>Z</div></> : undefined}
  {w ? <><div v-if:={}>W</div></> : undefined}<div>K</div>
</template>
</>;
};
