---
source: crates/vue_oxlint_jsx/src/test/codegen.rs
expression: "&codegen"
---
async () => {
	<><template>
  
  
  
  
  {a ? <><div v-if:__v___={undefined}>A</div></> : b ? <><div v-else-if:__v___={undefined}>B</div></> : c ? <><div v-else-if:__v___={undefined}>C</div></> : d ? <><div v-else-if:__v___={undefined}>D</div></> : <><div v-else:__v___>E</div></>}
  
  
  {x ? <><div v-if:__v___={undefined}>X</div></> : <><div v-else:__v___>Y</div></>}
  
  
  {z ? <><div v-if:__v___={undefined}>Z</div></> : undefined}
  {w ? <><div v-if:__v___={undefined}>W</div></> : undefined}<div>K</div>
</template>
</>;
};
