---
source: crates/vue_oxlint_jsx/src/test/codegen.rs
expression: "format!(\"=============== Source Text ===============\\n\\n{}\\n\\n=============== Mappings ===============\\n\\n{:#?}\",\nret.source_text, ret.mappings)"
---
=============== Source Text ===============

import { foo as foo, bar as baz } from './dep';export { foo as foo };const decimal = 1.0;const separated = 1_000_000;const hex = 0x10;const binary = 0b1010;const bigint = 0x10n;const escaped = '\x41';const attrs = <div label={'\x42'} raw="\x43" />;const grouped = (a + b) + c;const object = { foo: foo, wrapped: (foo) };const { foo: foo, bar: bar = 1 } = source;const arrow = (x) => x;const instance = new Foo();async()=>{<><script lang="tsx"></script></>};

=============== Mappings ===============

[
    Mapping {
        codegen_span: Span {
            start: 0,
            end: 457,
        },
        original_span: Span {
            start: 0,
            end: 443,
        },
    },
    Mapping {
        codegen_span: Span {
            start: 0,
            end: 46,
        },
        original_span: Span {
            start: 20,
            end: 66,
        },
    },
    Mapping {
        codegen_span: Span {
            start: 47,
            end: 68,
        },
        original_span: Span {
            start: 67,
            end: 88,
        },
    },
    Mapping {
        codegen_span: Span {
            start: 69,
            end: 88,
        },
        original_span: Span {
            start: 90,
            end: 109,
        },
    },
    Mapping {
        codegen_span: Span {
            start: 89,
            end: 116,
        },
        original_span: Span {
            start: 110,
            end: 137,
        },
    },
    Mapping {
        codegen_span: Span {
            start: 117,
            end: 133,
        },
        original_span: Span {
            start: 138,
            end: 154,
        },
    },
    Mapping {
        codegen_span: Span {
            start: 134,
            end: 155,
        },
        original_span: Span {
            start: 155,
            end: 176,
        },
    },
    Mapping {
        codegen_span: Span {
            start: 156,
            end: 176,
        },
        original_span: Span {
            start: 177,
            end: 197,
        },
    },
    Mapping {
        codegen_span: Span {
            start: 177,
            end: 199,
        },
        original_span: Span {
            start: 198,
            end: 220,
        },
    },
    Mapping {
        codegen_span: Span {
            start: 200,
            end: 247,
        },
        original_span: Span {
            start: 221,
            end: 268,
        },
    },
    Mapping {
        codegen_span: Span {
            start: 248,
            end: 275,
        },
        original_span: Span {
            start: 269,
            end: 296,
        },
    },
    Mapping {
        codegen_span: Span {
            start: 276,
            end: 319,
        },
        original_span: Span {
            start: 297,
            end: 340,
        },
    },
    Mapping {
        codegen_span: Span {
            start: 320,
            end: 361,
        },
        original_span: Span {
            start: 341,
            end: 382,
        },
    },
    Mapping {
        codegen_span: Span {
            start: 362,
            end: 384,
        },
        original_span: Span {
            start: 383,
            end: 405,
        },
    },
    Mapping {
        codegen_span: Span {
            start: 385,
            end: 411,
        },
        original_span: Span {
            start: 406,
            end: 432,
        },
    },
    Mapping {
        codegen_span: Span {
            start: 424,
            end: 452,
        },
        original_span: Span {
            start: 0,
            end: 442,
        },
    },
    Mapping {
        codegen_span: Span {
            start: 424,
            end: 443,
        },
        original_span: Span {
            start: 0,
            end: 19,
        },
    },
    Mapping {
        codegen_span: Span {
            start: 425,
            end: 431,
        },
        original_span: Span {
            start: 1,
            end: 7,
        },
    },
    Mapping {
        codegen_span: Span {
            start: 432,
            end: 442,
        },
        original_span: Span {
            start: 8,
            end: 18,
        },
    },
    Mapping {
        codegen_span: Span {
            start: 432,
            end: 436,
        },
        original_span: Span {
            start: 8,
            end: 12,
        },
    },
    Mapping {
        codegen_span: Span {
            start: 437,
            end: 442,
        },
        original_span: Span {
            start: 14,
            end: 17,
        },
    },
    Mapping {
        codegen_span: Span {
            start: 443,
            end: 452,
        },
        original_span: Span {
            start: 433,
            end: 442,
        },
    },
    Mapping {
        codegen_span: Span {
            start: 445,
            end: 451,
        },
        original_span: Span {
            start: 435,
            end: 441,
        },
    },
]
