---
source: crates/vue_oxlint_jsx/src/test/mod.rs
expression: result
---
=============== Program ===============
Program {
    span: Span {
        start: 0,
        end: 114,
    },
    node_id: Cell {
        value: NodeId(0),
    },
    scope_id: Cell {
        value: None,
    },
    source_text: "<template>\n  <svg></svg>\n  <title>a &amp; b</title>\n  <textarea>x</textarea>\n  <!bogus>\n  <!-- hi -->\n</template>\n",
    comments: Vec(
        [
            Comment {
                span: Span {
                    start: 81,
                    end: 86,
                },
                attached_to: 0,
                kind: SingleLineBlock,
                position: Trailing,
                newlines: CommentNewlines(
                    0x0,
                ),
                content: None,
            },
            Comment {
                span: Span {
                    start: 94,
                    end: 98,
                },
                attached_to: 0,
                kind: SingleLineBlock,
                position: Trailing,
                newlines: CommentNewlines(
                    0x0,
                ),
                content: None,
            },
        ],
    ),
    hashbang: None,
    directives: Vec(
        [],
    ),
    body: Vec(
        [
            ExpressionStatement(
                ExpressionStatement {
                    span: Span {
                        start: 0,
                        end: 0,
                    },
                    node_id: Cell {
                        value: NodeId(0),
                    },
                    expression: ArrowFunctionExpression(
                        ArrowFunctionExpression {
                            span: Span {
                                start: 0,
                                end: 0,
                            },
                            node_id: Cell {
                                value: NodeId(0),
                            },
                            scope_id: Cell {
                                value: None,
                            },
                            type_parameters: None,
                            params: FormalParameters {
                                span: Span {
                                    start: 0,
                                    end: 0,
                                },
                                node_id: Cell {
                                    value: NodeId(0),
                                },
                                kind: ArrowFormalParameters,
                                items: Vec(
                                    [],
                                ),
                                rest: None,
                            },
                            return_type: None,
                            body: FunctionBody {
                                span: Span {
                                    start: 0,
                                    end: 0,
                                },
                                node_id: Cell {
                                    value: NodeId(0),
                                },
                                directives: Vec(
                                    [],
                                ),
                                statements: Vec(
                                    [
                                        ExpressionStatement(
                                            ExpressionStatement {
                                                span: Span {
                                                    start: 0,
                                                    end: 0,
                                                },
                                                node_id: Cell {
                                                    value: NodeId(0),
                                                },
                                                expression: JSXFragment(
                                                    JSXFragment {
                                                        span: Span {
                                                            start: 0,
                                                            end: 0,
                                                        },
                                                        node_id: Cell {
                                                            value: NodeId(0),
                                                        },
                                                        opening_fragment: JSXOpeningFragment {
                                                            span: Span {
                                                                start: 0,
                                                                end: 0,
                                                            },
                                                            node_id: Cell {
                                                                value: NodeId(0),
                                                            },
                                                        },
                                                        children: Vec(
                                                            [
                                                                Element(
                                                                    JSXElement {
                                                                        span: Span {
                                                                            start: 0,
                                                                            end: 113,
                                                                        },
                                                                        node_id: Cell {
                                                                            value: NodeId(0),
                                                                        },
                                                                        opening_element: JSXOpeningElement {
                                                                            span: Span {
                                                                                start: 0,
                                                                                end: 10,
                                                                            },
                                                                            node_id: Cell {
                                                                                value: NodeId(0),
                                                                            },
                                                                            name: Identifier(
                                                                                JSXIdentifier {
                                                                                    span: Span {
                                                                                        start: 1,
                                                                                        end: 9,
                                                                                    },
                                                                                    node_id: Cell {
                                                                                        value: NodeId(0),
                                                                                    },
                                                                                    name: "template",
                                                                                },
                                                                            ),
                                                                            type_arguments: None,
                                                                            attributes: Vec(
                                                                                [],
                                                                            ),
                                                                        },
                                                                        children: Vec(
                                                                            [
                                                                                Element(
                                                                                    JSXElement {
                                                                                        span: Span {
                                                                                            start: 13,
                                                                                            end: 24,
                                                                                        },
                                                                                        node_id: Cell {
                                                                                            value: NodeId(0),
                                                                                        },
                                                                                        opening_element: JSXOpeningElement {
                                                                                            span: Span {
                                                                                                start: 13,
                                                                                                end: 18,
                                                                                            },
                                                                                            node_id: Cell {
                                                                                                value: NodeId(0),
                                                                                            },
                                                                                            name: Identifier(
                                                                                                JSXIdentifier {
                                                                                                    span: Span {
                                                                                                        start: 14,
                                                                                                        end: 17,
                                                                                                    },
                                                                                                    node_id: Cell {
                                                                                                        value: NodeId(0),
                                                                                                    },
                                                                                                    name: "svg",
                                                                                                },
                                                                                            ),
                                                                                            type_arguments: None,
                                                                                            attributes: Vec(
                                                                                                [],
                                                                                            ),
                                                                                        },
                                                                                        children: Vec(
                                                                                            [],
                                                                                        ),
                                                                                        closing_element: Some(
                                                                                            JSXClosingElement {
                                                                                                span: Span {
                                                                                                    start: 18,
                                                                                                    end: 24,
                                                                                                },
                                                                                                node_id: Cell {
                                                                                                    value: NodeId(0),
                                                                                                },
                                                                                                name: Identifier(
                                                                                                    JSXIdentifier {
                                                                                                        span: Span {
                                                                                                            start: 20,
                                                                                                            end: 23,
                                                                                                        },
                                                                                                        node_id: Cell {
                                                                                                            value: NodeId(0),
                                                                                                        },
                                                                                                        name: "svg",
                                                                                                    },
                                                                                                ),
                                                                                            },
                                                                                        ),
                                                                                    },
                                                                                ),
                                                                                Element(
                                                                                    JSXElement {
                                                                                        span: Span {
                                                                                            start: 27,
                                                                                            end: 51,
                                                                                        },
                                                                                        node_id: Cell {
                                                                                            value: NodeId(0),
                                                                                        },
                                                                                        opening_element: JSXOpeningElement {
                                                                                            span: Span {
                                                                                                start: 27,
                                                                                                end: 34,
                                                                                            },
                                                                                            node_id: Cell {
                                                                                                value: NodeId(0),
                                                                                            },
                                                                                            name: Identifier(
                                                                                                JSXIdentifier {
                                                                                                    span: Span {
                                                                                                        start: 28,
                                                                                                        end: 33,
                                                                                                    },
                                                                                                    node_id: Cell {
                                                                                                        value: NodeId(0),
                                                                                                    },
                                                                                                    name: "title",
                                                                                                },
                                                                                            ),
                                                                                            type_arguments: None,
                                                                                            attributes: Vec(
                                                                                                [],
                                                                                            ),
                                                                                        },
                                                                                        children: Vec(
                                                                                            [],
                                                                                        ),
                                                                                        closing_element: Some(
                                                                                            JSXClosingElement {
                                                                                                span: Span {
                                                                                                    start: 43,
                                                                                                    end: 51,
                                                                                                },
                                                                                                node_id: Cell {
                                                                                                    value: NodeId(0),
                                                                                                },
                                                                                                name: Identifier(
                                                                                                    JSXIdentifier {
                                                                                                        span: Span {
                                                                                                            start: 45,
                                                                                                            end: 50,
                                                                                                        },
                                                                                                        node_id: Cell {
                                                                                                            value: NodeId(0),
                                                                                                        },
                                                                                                        name: "title",
                                                                                                    },
                                                                                                ),
                                                                                            },
                                                                                        ),
                                                                                    },
                                                                                ),
                                                                                Element(
                                                                                    JSXElement {
                                                                                        span: Span {
                                                                                            start: 54,
                                                                                            end: 76,
                                                                                        },
                                                                                        node_id: Cell {
                                                                                            value: NodeId(0),
                                                                                        },
                                                                                        opening_element: JSXOpeningElement {
                                                                                            span: Span {
                                                                                                start: 54,
                                                                                                end: 64,
                                                                                            },
                                                                                            node_id: Cell {
                                                                                                value: NodeId(0),
                                                                                            },
                                                                                            name: Identifier(
                                                                                                JSXIdentifier {
                                                                                                    span: Span {
                                                                                                        start: 55,
                                                                                                        end: 63,
                                                                                                    },
                                                                                                    node_id: Cell {
                                                                                                        value: NodeId(0),
                                                                                                    },
                                                                                                    name: "textarea",
                                                                                                },
                                                                                            ),
                                                                                            type_arguments: None,
                                                                                            attributes: Vec(
                                                                                                [],
                                                                                            ),
                                                                                        },
                                                                                        children: Vec(
                                                                                            [],
                                                                                        ),
                                                                                        closing_element: Some(
                                                                                            JSXClosingElement {
                                                                                                span: Span {
                                                                                                    start: 65,
                                                                                                    end: 76,
                                                                                                },
                                                                                                node_id: Cell {
                                                                                                    value: NodeId(0),
                                                                                                },
                                                                                                name: Identifier(
                                                                                                    JSXIdentifier {
                                                                                                        span: Span {
                                                                                                            start: 67,
                                                                                                            end: 75,
                                                                                                        },
                                                                                                        node_id: Cell {
                                                                                                            value: NodeId(0),
                                                                                                        },
                                                                                                        name: "textarea",
                                                                                                    },
                                                                                                ),
                                                                                            },
                                                                                        ),
                                                                                    },
                                                                                ),
                                                                                ExpressionContainer(
                                                                                    JSXExpressionContainer {
                                                                                        span: Span {
                                                                                            start: 79,
                                                                                            end: 87,
                                                                                        },
                                                                                        node_id: Cell {
                                                                                            value: NodeId(0),
                                                                                        },
                                                                                        expression: EmptyExpression(
                                                                                            JSXEmptyExpression {
                                                                                                span: Span {
                                                                                                    start: 0,
                                                                                                    end: 0,
                                                                                                },
                                                                                                node_id: Cell {
                                                                                                    value: NodeId(0),
                                                                                                },
                                                                                            },
                                                                                        ),
                                                                                    },
                                                                                ),
                                                                                ExpressionContainer(
                                                                                    JSXExpressionContainer {
                                                                                        span: Span {
                                                                                            start: 90,
                                                                                            end: 101,
                                                                                        },
                                                                                        node_id: Cell {
                                                                                            value: NodeId(0),
                                                                                        },
                                                                                        expression: EmptyExpression(
                                                                                            JSXEmptyExpression {
                                                                                                span: Span {
                                                                                                    start: 0,
                                                                                                    end: 0,
                                                                                                },
                                                                                                node_id: Cell {
                                                                                                    value: NodeId(0),
                                                                                                },
                                                                                            },
                                                                                        ),
                                                                                    },
                                                                                ),
                                                                            ],
                                                                        ),
                                                                        closing_element: Some(
                                                                            JSXClosingElement {
                                                                                span: Span {
                                                                                    start: 102,
                                                                                    end: 113,
                                                                                },
                                                                                node_id: Cell {
                                                                                    value: NodeId(0),
                                                                                },
                                                                                name: Identifier(
                                                                                    JSXIdentifier {
                                                                                        span: Span {
                                                                                            start: 104,
                                                                                            end: 112,
                                                                                        },
                                                                                        node_id: Cell {
                                                                                            value: NodeId(0),
                                                                                        },
                                                                                        name: "template",
                                                                                    },
                                                                                ),
                                                                            },
                                                                        ),
                                                                    },
                                                                ),
                                                            ],
                                                        ),
                                                        closing_fragment: JSXClosingFragment {
                                                            span: Span {
                                                                start: 0,
                                                                end: 0,
                                                            },
                                                            node_id: Cell {
                                                                value: NodeId(0),
                                                            },
                                                        },
                                                    },
                                                ),
                                            },
                                        ),
                                    ],
                                ),
                            },
                            expression: false,
                            async: true,
                            pure: false,
                            pife: false,
                        },
                    ),
                },
            ),
        ],
    ),
    source_type: SourceType {
        language: JavaScript,
        module_kind: Unambiguous,
        variant: Jsx,
        extension: None,
    },
}

===============  Error  ===============
[]

=============== Codegen ===============
async () => {
	<><template><svg></svg><title></title><textarea></textarea>{}{}</template></>;
};


===============  Spans  ===============
Slice: "<template>\n  <svg></svg>\n  <title>a &amp..[OMIT]..a>\n  <!bogus>\n  <!-- hi -->\n</template>\n"; 
Span: (0, 114); 
Type: Program; 

Slice: "<template>\n  <svg></svg>\n  <title>a &amp..[OMIT]..ea>\n  <!bogus>\n  <!-- hi -->\n</template>"; 
Span: (0, 113); 
Type: JSXElement; 

Slice: "<template>"; 
Span: (0, 10); 
Type: JSXOpeningElement; 

Slice: "template"; 
Span: (1, 9); 
Type: JSXIdentifier; 

Slice: "<svg></svg>"; 
Span: (13, 24); 
Type: JSXElement; 

Slice: "<svg>"; 
Span: (13, 18); 
Type: JSXOpeningElement; 

Slice: "svg"; 
Span: (14, 17); 
Type: JSXIdentifier; 

Slice: "</svg>"; 
Span: (18, 24); 
Type: JSXClosingElement; 

Slice: "svg"; 
Span: (20, 23); 
Type: JSXIdentifier; 

Slice: "<title>a &amp; b</title>"; 
Span: (27, 51); 
Type: JSXElement; 

Slice: "<title>"; 
Span: (27, 34); 
Type: JSXOpeningElement; 

Slice: "title"; 
Span: (28, 33); 
Type: JSXIdentifier; 

Slice: "</title>"; 
Span: (43, 51); 
Type: JSXClosingElement; 

Slice: "title"; 
Span: (45, 50); 
Type: JSXIdentifier; 

Slice: "<textarea>x</textarea>"; 
Span: (54, 76); 
Type: JSXElement; 

Slice: "<textarea>"; 
Span: (54, 64); 
Type: JSXOpeningElement; 

Slice: "textarea"; 
Span: (55, 63); 
Type: JSXIdentifier; 

Slice: "</textarea>"; 
Span: (65, 76); 
Type: JSXClosingElement; 

Slice: "textarea"; 
Span: (67, 75); 
Type: JSXIdentifier; 

Slice: "<!bogus>"; 
Span: (79, 87); 
Type: JSXExpressionContainer; 

Slice: "<!-- hi -->"; 
Span: (90, 101); 
Type: JSXExpressionContainer; 

Slice: "</template>"; 
Span: (102, 113); 
Type: JSXClosingElement; 

Slice: "template"; 
Span: (104, 112); 
Type: JSXIdentifier;
