---
source: crates/vue_oxlint_jsx/src/test/mod.rs
expression: result
---
=============== Program ===============
Program {
    span: Span {
        start: 0,
        end: 214,
    },
    node_id: Cell {
        value: NodeId(0),
    },
    scope_id: Cell {
        value: None,
    },
    source_text: "<script lang=\"ts\" setup>\nconst a = someFunction<{ msg: 1 }>()\nconst b = someFunction<SomeType>() // It's not a tag\n</script>\n\n<template>\n  <div>{{ a.msg }}</div>\n  <div> I think 1 < 2, isn't it? </div>\n</template>\n",
    comments: Vec(
        [
            Comment {
                span: Span {
                    start: 97,
                    end: 114,
                },
                attached_to: 0,
                kind: Line,
                position: Trailing,
                newlines: CommentNewlines(
                    Trailing,
                ),
                content: None,
            },
        ],
    ),
    hashbang: None,
    directives: Vec(
        [],
    ),
    body: Vec(
        [
            ExpressionStatement(
                ExpressionStatement {
                    span: Span {
                        start: 0,
                        end: 0,
                    },
                    node_id: Cell {
                        value: NodeId(0),
                    },
                    expression: ArrowFunctionExpression(
                        ArrowFunctionExpression {
                            span: Span {
                                start: 0,
                                end: 0,
                            },
                            node_id: Cell {
                                value: NodeId(0),
                            },
                            scope_id: Cell {
                                value: None,
                            },
                            type_parameters: None,
                            params: FormalParameters {
                                span: Span {
                                    start: 0,
                                    end: 0,
                                },
                                node_id: Cell {
                                    value: NodeId(0),
                                },
                                kind: ArrowFormalParameters,
                                items: Vec(
                                    [],
                                ),
                                rest: None,
                            },
                            return_type: None,
                            body: FunctionBody {
                                span: Span {
                                    start: 0,
                                    end: 0,
                                },
                                node_id: Cell {
                                    value: NodeId(0),
                                },
                                directives: Vec(
                                    [],
                                ),
                                statements: Vec(
                                    [
                                        VariableDeclaration(
                                            VariableDeclaration {
                                                span: Span {
                                                    start: 25,
                                                    end: 61,
                                                },
                                                node_id: Cell {
                                                    value: NodeId(0),
                                                },
                                                kind: Const,
                                                declare: false,
                                                declarations: Vec(
                                                    [
                                                        VariableDeclarator {
                                                            span: Span {
                                                                start: 31,
                                                                end: 61,
                                                            },
                                                            node_id: Cell {
                                                                value: NodeId(0),
                                                            },
                                                            kind: Const,
                                                            definite: false,
                                                            id: BindingIdentifier(
                                                                BindingIdentifier {
                                                                    span: Span {
                                                                        start: 31,
                                                                        end: 32,
                                                                    },
                                                                    node_id: Cell {
                                                                        value: NodeId(0),
                                                                    },
                                                                    symbol_id: Cell {
                                                                        value: None,
                                                                    },
                                                                    name: "a",
                                                                },
                                                            ),
                                                            type_annotation: None,
                                                            init: Some(
                                                                CallExpression(
                                                                    CallExpression {
                                                                        span: Span {
                                                                            start: 35,
                                                                            end: 61,
                                                                        },
                                                                        node_id: Cell {
                                                                            value: NodeId(0),
                                                                        },
                                                                        optional: false,
                                                                        pure: false,
                                                                        callee: Identifier(
                                                                            IdentifierReference {
                                                                                span: Span {
                                                                                    start: 35,
                                                                                    end: 47,
                                                                                },
                                                                                node_id: Cell {
                                                                                    value: NodeId(0),
                                                                                },
                                                                                reference_id: Cell {
                                                                                    value: None,
                                                                                },
                                                                                name: "someFunction",
                                                                            },
                                                                        ),
                                                                        type_arguments: Some(
                                                                            TSTypeParameterInstantiation {
                                                                                span: Span {
                                                                                    start: 47,
                                                                                    end: 59,
                                                                                },
                                                                                node_id: Cell {
                                                                                    value: NodeId(0),
                                                                                },
                                                                                params: Vec(
                                                                                    [
                                                                                        TSTypeLiteral(
                                                                                            TSTypeLiteral {
                                                                                                span: Span {
                                                                                                    start: 48,
                                                                                                    end: 58,
                                                                                                },
                                                                                                node_id: Cell {
                                                                                                    value: NodeId(0),
                                                                                                },
                                                                                                members: Vec(
                                                                                                    [
                                                                                                        TSPropertySignature(
                                                                                                            TSPropertySignature {
                                                                                                                span: Span {
                                                                                                                    start: 50,
                                                                                                                    end: 56,
                                                                                                                },
                                                                                                                node_id: Cell {
                                                                                                                    value: NodeId(0),
                                                                                                                },
                                                                                                                computed: false,
                                                                                                                optional: false,
                                                                                                                readonly: false,
                                                                                                                key: StaticIdentifier(
                                                                                                                    IdentifierName {
                                                                                                                        span: Span {
                                                                                                                            start: 50,
                                                                                                                            end: 53,
                                                                                                                        },
                                                                                                                        node_id: Cell {
                                                                                                                            value: NodeId(0),
                                                                                                                        },
                                                                                                                        name: "msg",
                                                                                                                    },
                                                                                                                ),
                                                                                                                type_annotation: Some(
                                                                                                                    TSTypeAnnotation {
                                                                                                                        span: Span {
                                                                                                                            start: 53,
                                                                                                                            end: 56,
                                                                                                                        },
                                                                                                                        node_id: Cell {
                                                                                                                            value: NodeId(0),
                                                                                                                        },
                                                                                                                        type_annotation: TSLiteralType(
                                                                                                                            TSLiteralType {
                                                                                                                                span: Span {
                                                                                                                                    start: 55,
                                                                                                                                    end: 56,
                                                                                                                                },
                                                                                                                                node_id: Cell {
                                                                                                                                    value: NodeId(0),
                                                                                                                                },
                                                                                                                                literal: NumericLiteral(
                                                                                                                                    NumericLiteral {
                                                                                                                                        span: Span {
                                                                                                                                            start: 55,
                                                                                                                                            end: 56,
                                                                                                                                        },
                                                                                                                                        node_id: Cell {
                                                                                                                                            value: NodeId(0),
                                                                                                                                        },
                                                                                                                                        base: Decimal,
                                                                                                                                        raw: Some(
                                                                                                                                            "1",
                                                                                                                                        ),
                                                                                                                                        value: 1.0,
                                                                                                                                    },
                                                                                                                                ),
                                                                                                                            },
                                                                                                                        ),
                                                                                                                    },
                                                                                                                ),
                                                                                                            },
                                                                                                        ),
                                                                                                    ],
                                                                                                ),
                                                                                            },
                                                                                        ),
                                                                                    ],
                                                                                ),
                                                                            },
                                                                        ),
                                                                        arguments: Vec(
                                                                            [],
                                                                        ),
                                                                    },
                                                                ),
                                                            ),
                                                        },
                                                    ],
                                                ),
                                            },
                                        ),
                                        VariableDeclaration(
                                            VariableDeclaration {
                                                span: Span {
                                                    start: 62,
                                                    end: 96,
                                                },
                                                node_id: Cell {
                                                    value: NodeId(0),
                                                },
                                                kind: Const,
                                                declare: false,
                                                declarations: Vec(
                                                    [
                                                        VariableDeclarator {
                                                            span: Span {
                                                                start: 68,
                                                                end: 96,
                                                            },
                                                            node_id: Cell {
                                                                value: NodeId(0),
                                                            },
                                                            kind: Const,
                                                            definite: false,
                                                            id: BindingIdentifier(
                                                                BindingIdentifier {
                                                                    span: Span {
                                                                        start: 68,
                                                                        end: 69,
                                                                    },
                                                                    node_id: Cell {
                                                                        value: NodeId(0),
                                                                    },
                                                                    symbol_id: Cell {
                                                                        value: None,
                                                                    },
                                                                    name: "b",
                                                                },
                                                            ),
                                                            type_annotation: None,
                                                            init: Some(
                                                                CallExpression(
                                                                    CallExpression {
                                                                        span: Span {
                                                                            start: 72,
                                                                            end: 96,
                                                                        },
                                                                        node_id: Cell {
                                                                            value: NodeId(0),
                                                                        },
                                                                        optional: false,
                                                                        pure: false,
                                                                        callee: Identifier(
                                                                            IdentifierReference {
                                                                                span: Span {
                                                                                    start: 72,
                                                                                    end: 84,
                                                                                },
                                                                                node_id: Cell {
                                                                                    value: NodeId(0),
                                                                                },
                                                                                reference_id: Cell {
                                                                                    value: None,
                                                                                },
                                                                                name: "someFunction",
                                                                            },
                                                                        ),
                                                                        type_arguments: Some(
                                                                            TSTypeParameterInstantiation {
                                                                                span: Span {
                                                                                    start: 84,
                                                                                    end: 94,
                                                                                },
                                                                                node_id: Cell {
                                                                                    value: NodeId(0),
                                                                                },
                                                                                params: Vec(
                                                                                    [
                                                                                        TSTypeReference(
                                                                                            TSTypeReference {
                                                                                                span: Span {
                                                                                                    start: 85,
                                                                                                    end: 93,
                                                                                                },
                                                                                                node_id: Cell {
                                                                                                    value: NodeId(0),
                                                                                                },
                                                                                                type_name: IdentifierReference(
                                                                                                    IdentifierReference {
                                                                                                        span: Span {
                                                                                                            start: 85,
                                                                                                            end: 93,
                                                                                                        },
                                                                                                        node_id: Cell {
                                                                                                            value: NodeId(0),
                                                                                                        },
                                                                                                        reference_id: Cell {
                                                                                                            value: None,
                                                                                                        },
                                                                                                        name: "SomeType",
                                                                                                    },
                                                                                                ),
                                                                                                type_arguments: None,
                                                                                            },
                                                                                        ),
                                                                                    ],
                                                                                ),
                                                                            },
                                                                        ),
                                                                        arguments: Vec(
                                                                            [],
                                                                        ),
                                                                    },
                                                                ),
                                                            ),
                                                        },
                                                    ],
                                                ),
                                            },
                                        ),
                                        ExpressionStatement(
                                            ExpressionStatement {
                                                span: Span {
                                                    start: 0,
                                                    end: 0,
                                                },
                                                node_id: Cell {
                                                    value: NodeId(0),
                                                },
                                                expression: JSXFragment(
                                                    JSXFragment {
                                                        span: Span {
                                                            start: 0,
                                                            end: 0,
                                                        },
                                                        node_id: Cell {
                                                            value: NodeId(0),
                                                        },
                                                        opening_fragment: JSXOpeningFragment {
                                                            span: Span {
                                                                start: 0,
                                                                end: 0,
                                                            },
                                                            node_id: Cell {
                                                                value: NodeId(0),
                                                            },
                                                        },
                                                        children: Vec(
                                                            [
                                                                Element(
                                                                    JSXElement {
                                                                        span: Span {
                                                                            start: 0,
                                                                            end: 124,
                                                                        },
                                                                        node_id: Cell {
                                                                            value: NodeId(0),
                                                                        },
                                                                        opening_element: JSXOpeningElement {
                                                                            span: Span {
                                                                                start: 0,
                                                                                end: 24,
                                                                            },
                                                                            node_id: Cell {
                                                                                value: NodeId(0),
                                                                            },
                                                                            name: Identifier(
                                                                                JSXIdentifier {
                                                                                    span: Span {
                                                                                        start: 1,
                                                                                        end: 7,
                                                                                    },
                                                                                    node_id: Cell {
                                                                                        value: NodeId(0),
                                                                                    },
                                                                                    name: "script",
                                                                                },
                                                                            ),
                                                                            type_arguments: None,
                                                                            attributes: Vec(
                                                                                [
                                                                                    Attribute(
                                                                                        JSXAttribute {
                                                                                            span: Span {
                                                                                                start: 8,
                                                                                                end: 17,
                                                                                            },
                                                                                            node_id: Cell {
                                                                                                value: NodeId(0),
                                                                                            },
                                                                                            name: Identifier(
                                                                                                JSXIdentifier {
                                                                                                    span: Span {
                                                                                                        start: 8,
                                                                                                        end: 12,
                                                                                                    },
                                                                                                    node_id: Cell {
                                                                                                        value: NodeId(0),
                                                                                                    },
                                                                                                    name: "lang",
                                                                                                },
                                                                                            ),
                                                                                            value: Some(
                                                                                                StringLiteral(
                                                                                                    StringLiteral {
                                                                                                        span: Span {
                                                                                                            start: 14,
                                                                                                            end: 16,
                                                                                                        },
                                                                                                        node_id: Cell {
                                                                                                            value: NodeId(0),
                                                                                                        },
                                                                                                        lone_surrogates: false,
                                                                                                        value: "ts",
                                                                                                        raw: None,
                                                                                                    },
                                                                                                ),
                                                                                            ),
                                                                                        },
                                                                                    ),
                                                                                    Attribute(
                                                                                        JSXAttribute {
                                                                                            span: Span {
                                                                                                start: 18,
                                                                                                end: 23,
                                                                                            },
                                                                                            node_id: Cell {
                                                                                                value: NodeId(0),
                                                                                            },
                                                                                            name: Identifier(
                                                                                                JSXIdentifier {
                                                                                                    span: Span {
                                                                                                        start: 18,
                                                                                                        end: 23,
                                                                                                    },
                                                                                                    node_id: Cell {
                                                                                                        value: NodeId(0),
                                                                                                    },
                                                                                                    name: "setup",
                                                                                                },
                                                                                            ),
                                                                                            value: None,
                                                                                        },
                                                                                    ),
                                                                                ],
                                                                            ),
                                                                        },
                                                                        children: Vec(
                                                                            [],
                                                                        ),
                                                                        closing_element: Some(
                                                                            JSXClosingElement {
                                                                                span: Span {
                                                                                    start: 115,
                                                                                    end: 124,
                                                                                },
                                                                                node_id: Cell {
                                                                                    value: NodeId(0),
                                                                                },
                                                                                name: Identifier(
                                                                                    JSXIdentifier {
                                                                                        span: Span {
                                                                                            start: 117,
                                                                                            end: 123,
                                                                                        },
                                                                                        node_id: Cell {
                                                                                            value: NodeId(0),
                                                                                        },
                                                                                        name: "script",
                                                                                    },
                                                                                ),
                                                                            },
                                                                        ),
                                                                    },
                                                                ),
                                                                Text(
                                                                    JSXText {
                                                                        span: Span {
                                                                            start: 124,
                                                                            end: 126,
                                                                        },
                                                                        node_id: Cell {
                                                                            value: NodeId(0),
                                                                        },
                                                                        value: "\n\n",
                                                                        raw: Some(
                                                                            "\n\n",
                                                                        ),
                                                                    },
                                                                ),
                                                                Element(
                                                                    JSXElement {
                                                                        span: Span {
                                                                            start: 126,
                                                                            end: 213,
                                                                        },
                                                                        node_id: Cell {
                                                                            value: NodeId(0),
                                                                        },
                                                                        opening_element: JSXOpeningElement {
                                                                            span: Span {
                                                                                start: 126,
                                                                                end: 136,
                                                                            },
                                                                            node_id: Cell {
                                                                                value: NodeId(0),
                                                                            },
                                                                            name: Identifier(
                                                                                JSXIdentifier {
                                                                                    span: Span {
                                                                                        start: 127,
                                                                                        end: 135,
                                                                                    },
                                                                                    node_id: Cell {
                                                                                        value: NodeId(0),
                                                                                    },
                                                                                    name: "template",
                                                                                },
                                                                            ),
                                                                            type_arguments: None,
                                                                            attributes: Vec(
                                                                                [],
                                                                            ),
                                                                        },
                                                                        children: Vec(
                                                                            [
                                                                                Text(
                                                                                    JSXText {
                                                                                        span: Span {
                                                                                            start: 136,
                                                                                            end: 139,
                                                                                        },
                                                                                        node_id: Cell {
                                                                                            value: NodeId(0),
                                                                                        },
                                                                                        value: "\n  ",
                                                                                        raw: Some(
                                                                                            "\n  ",
                                                                                        ),
                                                                                    },
                                                                                ),
                                                                                Element(
                                                                                    JSXElement {
                                                                                        span: Span {
                                                                                            start: 139,
                                                                                            end: 161,
                                                                                        },
                                                                                        node_id: Cell {
                                                                                            value: NodeId(0),
                                                                                        },
                                                                                        opening_element: JSXOpeningElement {
                                                                                            span: Span {
                                                                                                start: 139,
                                                                                                end: 144,
                                                                                            },
                                                                                            node_id: Cell {
                                                                                                value: NodeId(0),
                                                                                            },
                                                                                            name: Identifier(
                                                                                                JSXIdentifier {
                                                                                                    span: Span {
                                                                                                        start: 140,
                                                                                                        end: 143,
                                                                                                    },
                                                                                                    node_id: Cell {
                                                                                                        value: NodeId(0),
                                                                                                    },
                                                                                                    name: "div",
                                                                                                },
                                                                                            ),
                                                                                            type_arguments: None,
                                                                                            attributes: Vec(
                                                                                                [],
                                                                                            ),
                                                                                        },
                                                                                        children: Vec(
                                                                                            [
                                                                                                ExpressionContainer(
                                                                                                    JSXExpressionContainer {
                                                                                                        span: Span {
                                                                                                            start: 144,
                                                                                                            end: 155,
                                                                                                        },
                                                                                                        node_id: Cell {
                                                                                                            value: NodeId(0),
                                                                                                        },
                                                                                                        expression: StaticMemberExpression(
                                                                                                            StaticMemberExpression {
                                                                                                                span: Span {
                                                                                                                    start: 147,
                                                                                                                    end: 152,
                                                                                                                },
                                                                                                                node_id: Cell {
                                                                                                                    value: NodeId(0),
                                                                                                                },
                                                                                                                optional: false,
                                                                                                                object: Identifier(
                                                                                                                    IdentifierReference {
                                                                                                                        span: Span {
                                                                                                                            start: 147,
                                                                                                                            end: 148,
                                                                                                                        },
                                                                                                                        node_id: Cell {
                                                                                                                            value: NodeId(0),
                                                                                                                        },
                                                                                                                        reference_id: Cell {
                                                                                                                            value: None,
                                                                                                                        },
                                                                                                                        name: "a",
                                                                                                                    },
                                                                                                                ),
                                                                                                                property: IdentifierName {
                                                                                                                    span: Span {
                                                                                                                        start: 149,
                                                                                                                        end: 152,
                                                                                                                    },
                                                                                                                    node_id: Cell {
                                                                                                                        value: NodeId(0),
                                                                                                                    },
                                                                                                                    name: "msg",
                                                                                                                },
                                                                                                            },
                                                                                                        ),
                                                                                                    },
                                                                                                ),
                                                                                            ],
                                                                                        ),
                                                                                        closing_element: Some(
                                                                                            JSXClosingElement {
                                                                                                span: Span {
                                                                                                    start: 155,
                                                                                                    end: 161,
                                                                                                },
                                                                                                node_id: Cell {
                                                                                                    value: NodeId(0),
                                                                                                },
                                                                                                name: Identifier(
                                                                                                    JSXIdentifier {
                                                                                                        span: Span {
                                                                                                            start: 157,
                                                                                                            end: 160,
                                                                                                        },
                                                                                                        node_id: Cell {
                                                                                                            value: NodeId(0),
                                                                                                        },
                                                                                                        name: "div",
                                                                                                    },
                                                                                                ),
                                                                                            },
                                                                                        ),
                                                                                    },
                                                                                ),
                                                                                Text(
                                                                                    JSXText {
                                                                                        span: Span {
                                                                                            start: 161,
                                                                                            end: 164,
                                                                                        },
                                                                                        node_id: Cell {
                                                                                            value: NodeId(0),
                                                                                        },
                                                                                        value: "\n  ",
                                                                                        raw: Some(
                                                                                            "\n  ",
                                                                                        ),
                                                                                    },
                                                                                ),
                                                                                Element(
                                                                                    JSXElement {
                                                                                        span: Span {
                                                                                            start: 164,
                                                                                            end: 201,
                                                                                        },
                                                                                        node_id: Cell {
                                                                                            value: NodeId(0),
                                                                                        },
                                                                                        opening_element: JSXOpeningElement {
                                                                                            span: Span {
                                                                                                start: 164,
                                                                                                end: 169,
                                                                                            },
                                                                                            node_id: Cell {
                                                                                                value: NodeId(0),
                                                                                            },
                                                                                            name: Identifier(
                                                                                                JSXIdentifier {
                                                                                                    span: Span {
                                                                                                        start: 165,
                                                                                                        end: 168,
                                                                                                    },
                                                                                                    node_id: Cell {
                                                                                                        value: NodeId(0),
                                                                                                    },
                                                                                                    name: "div",
                                                                                                },
                                                                                            ),
                                                                                            type_arguments: None,
                                                                                            attributes: Vec(
                                                                                                [],
                                                                                            ),
                                                                                        },
                                                                                        children: Vec(
                                                                                            [
                                                                                                Text(
                                                                                                    JSXText {
                                                                                                        span: Span {
                                                                                                            start: 169,
                                                                                                            end: 195,
                                                                                                        },
                                                                                                        node_id: Cell {
                                                                                                            value: NodeId(0),
                                                                                                        },
                                                                                                        value: " I think 1 < 2, isn't it? ",
                                                                                                        raw: Some(
                                                                                                            " I think 1 < 2, isn't it? ",
                                                                                                        ),
                                                                                                    },
                                                                                                ),
                                                                                            ],
                                                                                        ),
                                                                                        closing_element: Some(
                                                                                            JSXClosingElement {
                                                                                                span: Span {
                                                                                                    start: 195,
                                                                                                    end: 201,
                                                                                                },
                                                                                                node_id: Cell {
                                                                                                    value: NodeId(0),
                                                                                                },
                                                                                                name: Identifier(
                                                                                                    JSXIdentifier {
                                                                                                        span: Span {
                                                                                                            start: 197,
                                                                                                            end: 200,
                                                                                                        },
                                                                                                        node_id: Cell {
                                                                                                            value: NodeId(0),
                                                                                                        },
                                                                                                        name: "div",
                                                                                                    },
                                                                                                ),
                                                                                            },
                                                                                        ),
                                                                                    },
                                                                                ),
                                                                                Text(
                                                                                    JSXText {
                                                                                        span: Span {
                                                                                            start: 201,
                                                                                            end: 202,
                                                                                        },
                                                                                        node_id: Cell {
                                                                                            value: NodeId(0),
                                                                                        },
                                                                                        value: "\n",
                                                                                        raw: Some(
                                                                                            "\n",
                                                                                        ),
                                                                                    },
                                                                                ),
                                                                            ],
                                                                        ),
                                                                        closing_element: Some(
                                                                            JSXClosingElement {
                                                                                span: Span {
                                                                                    start: 202,
                                                                                    end: 213,
                                                                                },
                                                                                node_id: Cell {
                                                                                    value: NodeId(0),
                                                                                },
                                                                                name: Identifier(
                                                                                    JSXIdentifier {
                                                                                        span: Span {
                                                                                            start: 204,
                                                                                            end: 212,
                                                                                        },
                                                                                        node_id: Cell {
                                                                                            value: NodeId(0),
                                                                                        },
                                                                                        name: "template",
                                                                                    },
                                                                                ),
                                                                            },
                                                                        ),
                                                                    },
                                                                ),
                                                                Text(
                                                                    JSXText {
                                                                        span: Span {
                                                                            start: 213,
                                                                            end: 214,
                                                                        },
                                                                        node_id: Cell {
                                                                            value: NodeId(0),
                                                                        },
                                                                        value: "\n",
                                                                        raw: Some(
                                                                            "\n",
                                                                        ),
                                                                    },
                                                                ),
                                                            ],
                                                        ),
                                                        closing_fragment: JSXClosingFragment {
                                                            span: Span {
                                                                start: 0,
                                                                end: 0,
                                                            },
                                                            node_id: Cell {
                                                                value: NodeId(0),
                                                            },
                                                        },
                                                    },
                                                ),
                                            },
                                        ),
                                    ],
                                ),
                            },
                            expression: false,
                            async: true,
                            pure: false,
                            pife: false,
                        },
                    ),
                },
            ),
        ],
    ),
    source_type: SourceType {
        language: TypeScript,
        module_kind: Unambiguous,
        variant: Jsx,
        extension: Some(
            Ts,
        ),
    },
}

===============  Error  ===============
[]

=============== Codegen ===============
async () => {
	const a = someFunction<{
		msg: 1;
	}>();
	const b = someFunction<SomeType>();
	<><script lang="ts" setup></script>

<template>
  <div>{a.msg}</div>
  <div> I think 1 < 2, isn't it? </div>
</template>
</>;
};


===============  Spans  ===============
Slice: "<script lang=\"ts\" setup>\nconst a = someF..[OMIT]..ink 1 < 2, isn't it? </div>\n</template>\n"; 
Span: (0, 214); 
Type: Program; 

Slice: "const a = someFunction<{ msg: 1 }>()"; 
Span: (25, 61); 
Type: VariableDeclaration; 

Slice: "a = someFunction<{ msg: 1 }>()"; 
Span: (31, 61); 
Type: VariableDeclarator; 

Slice: "a"; 
Span: (31, 32); 
Type: BindingIdentifier; 

Slice: "someFunction<{ msg: 1 }>()"; 
Span: (35, 61); 
Type: CallExpression; 

Slice: "someFunction"; 
Span: (35, 47); 
Type: IdentifierReference; 

Slice: "<{ msg: 1 }>"; 
Span: (47, 59); 
Type: TSTypeParameterInstantiation; 

Slice: "{ msg: 1 }"; 
Span: (48, 58); 
Type: TSTypeLiteral; 

Slice: "msg: 1"; 
Span: (50, 56); 
Type: TSPropertySignature; 

Slice: "msg"; 
Span: (50, 53); 
Type: IdentifierName; 

Slice: ": 1"; 
Span: (53, 56); 
Type: TSTypeAnnotation; 

Slice: "1"; 
Span: (55, 56); 
Type: TSLiteralType; 

Slice: "1"; 
Span: (55, 56); 
Type: NumericLiteral; 

Slice: "const b = someFunction<SomeType>()"; 
Span: (62, 96); 
Type: VariableDeclaration; 

Slice: "b = someFunction<SomeType>()"; 
Span: (68, 96); 
Type: VariableDeclarator; 

Slice: "b"; 
Span: (68, 69); 
Type: BindingIdentifier; 

Slice: "someFunction<SomeType>()"; 
Span: (72, 96); 
Type: CallExpression; 

Slice: "someFunction"; 
Span: (72, 84); 
Type: IdentifierReference; 

Slice: "<SomeType>"; 
Span: (84, 94); 
Type: TSTypeParameterInstantiation; 

Slice: "SomeType"; 
Span: (85, 93); 
Type: TSTypeReference; 

Slice: "SomeType"; 
Span: (85, 93); 
Type: IdentifierReference; 

Slice: "<script lang=\"ts\" setup>\nconst a = someF..[OMIT]..<SomeType>() // It's not a tag\n</script>"; 
Span: (0, 124); 
Type: JSXElement; 

Slice: "<script lang=\"ts\" setup>"; 
Span: (0, 24); 
Type: JSXOpeningElement; 

Slice: "script"; 
Span: (1, 7); 
Type: JSXIdentifier; 

Slice: "lang=\"ts\""; 
Span: (8, 17); 
Type: JSXAttribute; 

Slice: "lang"; 
Span: (8, 12); 
Type: JSXIdentifier; 

Slice: "ts"; 
Span: (14, 16); 
Type: StringLiteral; 

Slice: "setup"; 
Span: (18, 23); 
Type: JSXAttribute; 

Slice: "setup"; 
Span: (18, 23); 
Type: JSXIdentifier; 

Slice: "</script>"; 
Span: (115, 124); 
Type: JSXClosingElement; 

Slice: "script"; 
Span: (117, 123); 
Type: JSXIdentifier; 

Slice: "\n\n"; 
Span: (124, 126); 
Type: JSXText; 

Slice: "<template>\n  <div>{{ a.msg }}</div>\n  <d..[OMIT]..hink 1 < 2, isn't it? </div>\n</template>"; 
Span: (126, 213); 
Type: JSXElement; 

Slice: "<template>"; 
Span: (126, 136); 
Type: JSXOpeningElement; 

Slice: "template"; 
Span: (127, 135); 
Type: JSXIdentifier; 

Slice: "\n  "; 
Span: (136, 139); 
Type: JSXText; 

Slice: "<div>{{ a.msg }}</div>"; 
Span: (139, 161); 
Type: JSXElement; 

Slice: "<div>"; 
Span: (139, 144); 
Type: JSXOpeningElement; 

Slice: "div"; 
Span: (140, 143); 
Type: JSXIdentifier; 

Slice: "{{ a.msg }}"; 
Span: (144, 155); 
Type: JSXExpressionContainer; 

Slice: "a.msg"; 
Span: (147, 152); 
Type: StaticMemberExpression; 

Slice: "a"; 
Span: (147, 148); 
Type: IdentifierReference; 

Slice: "msg"; 
Span: (149, 152); 
Type: IdentifierName; 

Slice: "</div>"; 
Span: (155, 161); 
Type: JSXClosingElement; 

Slice: "div"; 
Span: (157, 160); 
Type: JSXIdentifier; 

Slice: "\n  "; 
Span: (161, 164); 
Type: JSXText; 

Slice: "<div> I think 1 < 2, isn't it? </div>"; 
Span: (164, 201); 
Type: JSXElement; 

Slice: "<div>"; 
Span: (164, 169); 
Type: JSXOpeningElement; 

Slice: "div"; 
Span: (165, 168); 
Type: JSXIdentifier; 

Slice: " I think 1 < 2, isn't it? "; 
Span: (169, 195); 
Type: JSXText; 

Slice: "</div>"; 
Span: (195, 201); 
Type: JSXClosingElement; 

Slice: "div"; 
Span: (197, 200); 
Type: JSXIdentifier; 

Slice: "\n"; 
Span: (201, 202); 
Type: JSXText; 

Slice: "</template>"; 
Span: (202, 213); 
Type: JSXClosingElement; 

Slice: "template"; 
Span: (204, 212); 
Type: JSXIdentifier; 

Slice: "\n"; 
Span: (213, 214); 
Type: JSXText;
