---
source: crates/vue_oxc_toolkit/src/test.rs
expression: result
---
=============== Program ===============
Program {
    span: Span {
        start: 0,
        end: 282,
    },
    node_id: Cell {
        value: NodeId(0),
    },
    scope_id: Cell {
        value: None,
    },
    source_text: "<template>\n  <div :key=\"1 /* vue is full of magic */\">\n    <!-- Good Morning -->\n  </div>\n</template>\n\n<script lang=\"ts\">\n// Hello, everyone\n/* \n  I love Vue, JavaScript/TypeScript and Rust!\n  What about you?\n */\n</script>\n\n<script lang=\"ts\" setup>\n// Hello\n/* Me too! */\n</script>\n",
    comments: Vec(
        [
            Comment {
                span: Span {
                    start: 26,
                    end: 52,
                },
                attached_to: 52,
                kind: SingleLineBlock,
                position: Leading,
                newlines: CommentNewlines(
                    0x0,
                ),
                content: None,
            },
            Comment {
                span: Span {
                    start: 60,
                    end: 79,
                },
                attached_to: 0,
                kind: SingleLineBlock,
                position: Trailing,
                newlines: CommentNewlines(
                    0x0,
                ),
                content: None,
            },
            Comment {
                span: Span {
                    start: 122,
                    end: 140,
                },
                attached_to: 213,
                kind: Line,
                position: Leading,
                newlines: CommentNewlines(
                    Leading | Trailing,
                ),
                content: None,
            },
            Comment {
                span: Span {
                    start: 141,
                    end: 212,
                },
                attached_to: 213,
                kind: MultiLineBlock,
                position: Leading,
                newlines: CommentNewlines(
                    Leading | Trailing,
                ),
                content: None,
            },
            Comment {
                span: Span {
                    start: 249,
                    end: 257,
                },
                attached_to: 272,
                kind: Line,
                position: Leading,
                newlines: CommentNewlines(
                    Leading | Trailing,
                ),
                content: None,
            },
            Comment {
                span: Span {
                    start: 258,
                    end: 271,
                },
                attached_to: 272,
                kind: SingleLineBlock,
                position: Leading,
                newlines: CommentNewlines(
                    Leading | Trailing,
                ),
                content: None,
            },
        ],
    ),
    hashbang: None,
    directives: Vec(
        [],
    ),
    body: Vec(
        [
            ExpressionStatement(
                ExpressionStatement {
                    span: Span {
                        start: 0,
                        end: 0,
                    },
                    node_id: Cell {
                        value: NodeId(0),
                    },
                    expression: ArrowFunctionExpression(
                        ArrowFunctionExpression {
                            span: Span {
                                start: 0,
                                end: 0,
                            },
                            node_id: Cell {
                                value: NodeId(0),
                            },
                            scope_id: Cell {
                                value: None,
                            },
                            type_parameters: None,
                            params: FormalParameters {
                                span: Span {
                                    start: 0,
                                    end: 0,
                                },
                                node_id: Cell {
                                    value: NodeId(0),
                                },
                                kind: ArrowFormalParameters,
                                items: Vec(
                                    [],
                                ),
                                rest: None,
                            },
                            return_type: None,
                            body: FunctionBody {
                                span: Span {
                                    start: 0,
                                    end: 0,
                                },
                                node_id: Cell {
                                    value: NodeId(0),
                                },
                                directives: Vec(
                                    [],
                                ),
                                statements: Vec(
                                    [
                                        ExpressionStatement(
                                            ExpressionStatement {
                                                span: Span {
                                                    start: 0,
                                                    end: 0,
                                                },
                                                node_id: Cell {
                                                    value: NodeId(0),
                                                },
                                                expression: JSXFragment(
                                                    JSXFragment {
                                                        span: Span {
                                                            start: 0,
                                                            end: 0,
                                                        },
                                                        node_id: Cell {
                                                            value: NodeId(0),
                                                        },
                                                        opening_fragment: JSXOpeningFragment {
                                                            span: Span {
                                                                start: 0,
                                                                end: 0,
                                                            },
                                                            node_id: Cell {
                                                                value: NodeId(0),
                                                            },
                                                        },
                                                        children: Vec(
                                                            [
                                                                Element(
                                                                    JSXElement {
                                                                        span: Span {
                                                                            start: 0,
                                                                            end: 101,
                                                                        },
                                                                        node_id: Cell {
                                                                            value: NodeId(0),
                                                                        },
                                                                        opening_element: JSXOpeningElement {
                                                                            span: Span {
                                                                                start: 0,
                                                                                end: 10,
                                                                            },
                                                                            node_id: Cell {
                                                                                value: NodeId(0),
                                                                            },
                                                                            name: Identifier(
                                                                                JSXIdentifier {
                                                                                    span: Span {
                                                                                        start: 1,
                                                                                        end: 9,
                                                                                    },
                                                                                    node_id: Cell {
                                                                                        value: NodeId(0),
                                                                                    },
                                                                                    name: "template",
                                                                                },
                                                                            ),
                                                                            type_arguments: None,
                                                                            attributes: Vec(
                                                                                [],
                                                                            ),
                                                                        },
                                                                        children: Vec(
                                                                            [
                                                                                Text(
                                                                                    JSXText {
                                                                                        span: Span {
                                                                                            start: 10,
                                                                                            end: 13,
                                                                                        },
                                                                                        node_id: Cell {
                                                                                            value: NodeId(0),
                                                                                        },
                                                                                        value: "\n  ",
                                                                                        raw: Some(
                                                                                            "\n  ",
                                                                                        ),
                                                                                    },
                                                                                ),
                                                                                Element(
                                                                                    JSXElement {
                                                                                        span: Span {
                                                                                            start: 13,
                                                                                            end: 89,
                                                                                        },
                                                                                        node_id: Cell {
                                                                                            value: NodeId(0),
                                                                                        },
                                                                                        opening_element: JSXOpeningElement {
                                                                                            span: Span {
                                                                                                start: 13,
                                                                                                end: 54,
                                                                                            },
                                                                                            node_id: Cell {
                                                                                                value: NodeId(0),
                                                                                            },
                                                                                            name: Identifier(
                                                                                                JSXIdentifier {
                                                                                                    span: Span {
                                                                                                        start: 14,
                                                                                                        end: 17,
                                                                                                    },
                                                                                                    node_id: Cell {
                                                                                                        value: NodeId(0),
                                                                                                    },
                                                                                                    name: "div",
                                                                                                },
                                                                                            ),
                                                                                            type_arguments: None,
                                                                                            attributes: Vec(
                                                                                                [
                                                                                                    Attribute(
                                                                                                        JSXAttribute {
                                                                                                            span: Span {
                                                                                                                start: 18,
                                                                                                                end: 53,
                                                                                                            },
                                                                                                            node_id: Cell {
                                                                                                                value: NodeId(0),
                                                                                                            },
                                                                                                            name: NamespacedName(
                                                                                                                JSXNamespacedName {
                                                                                                                    span: Span {
                                                                                                                        start: 18,
                                                                                                                        end: 22,
                                                                                                                    },
                                                                                                                    node_id: Cell {
                                                                                                                        value: NodeId(0),
                                                                                                                    },
                                                                                                                    namespace: JSXIdentifier {
                                                                                                                        span: Span {
                                                                                                                            start: 18,
                                                                                                                            end: 19,
                                                                                                                        },
                                                                                                                        node_id: Cell {
                                                                                                                            value: NodeId(0),
                                                                                                                        },
                                                                                                                        name: "v-bind",
                                                                                                                    },
                                                                                                                    name: JSXIdentifier {
                                                                                                                        span: Span {
                                                                                                                            start: 19,
                                                                                                                            end: 22,
                                                                                                                        },
                                                                                                                        node_id: Cell {
                                                                                                                            value: NodeId(0),
                                                                                                                        },
                                                                                                                        name: "key",
                                                                                                                    },
                                                                                                                },
                                                                                                            ),
                                                                                                            value: Some(
                                                                                                                ExpressionContainer(
                                                                                                                    JSXExpressionContainer {
                                                                                                                        span: Span {
                                                                                                                            start: 23,
                                                                                                                            end: 53,
                                                                                                                        },
                                                                                                                        node_id: Cell {
                                                                                                                            value: NodeId(0),
                                                                                                                        },
                                                                                                                        expression: NumericLiteral(
                                                                                                                            NumericLiteral {
                                                                                                                                span: Span {
                                                                                                                                    start: 24,
                                                                                                                                    end: 25,
                                                                                                                                },
                                                                                                                                node_id: Cell {
                                                                                                                                    value: NodeId(0),
                                                                                                                                },
                                                                                                                                base: Decimal,
                                                                                                                                raw: Some(
                                                                                                                                    "1",
                                                                                                                                ),
                                                                                                                                value: 1.0,
                                                                                                                            },
                                                                                                                        ),
                                                                                                                    },
                                                                                                                ),
                                                                                                            ),
                                                                                                        },
                                                                                                    ),
                                                                                                ],
                                                                                            ),
                                                                                        },
                                                                                        children: Vec(
                                                                                            [
                                                                                                ExpressionContainer(
                                                                                                    JSXExpressionContainer {
                                                                                                        span: Span {
                                                                                                            start: 59,
                                                                                                            end: 80,
                                                                                                        },
                                                                                                        node_id: Cell {
                                                                                                            value: NodeId(0),
                                                                                                        },
                                                                                                        expression: EmptyExpression(
                                                                                                            JSXEmptyExpression {
                                                                                                                span: Span {
                                                                                                                    start: 0,
                                                                                                                    end: 0,
                                                                                                                },
                                                                                                                node_id: Cell {
                                                                                                                    value: NodeId(0),
                                                                                                                },
                                                                                                            },
                                                                                                        ),
                                                                                                    },
                                                                                                ),
                                                                                            ],
                                                                                        ),
                                                                                        closing_element: Some(
                                                                                            JSXClosingElement {
                                                                                                span: Span {
                                                                                                    start: 83,
                                                                                                    end: 89,
                                                                                                },
                                                                                                node_id: Cell {
                                                                                                    value: NodeId(0),
                                                                                                },
                                                                                                name: Identifier(
                                                                                                    JSXIdentifier {
                                                                                                        span: Span {
                                                                                                            start: 85,
                                                                                                            end: 88,
                                                                                                        },
                                                                                                        node_id: Cell {
                                                                                                            value: NodeId(0),
                                                                                                        },
                                                                                                        name: "div",
                                                                                                    },
                                                                                                ),
                                                                                            },
                                                                                        ),
                                                                                    },
                                                                                ),
                                                                                Text(
                                                                                    JSXText {
                                                                                        span: Span {
                                                                                            start: 89,
                                                                                            end: 90,
                                                                                        },
                                                                                        node_id: Cell {
                                                                                            value: NodeId(0),
                                                                                        },
                                                                                        value: "\n",
                                                                                        raw: Some(
                                                                                            "\n",
                                                                                        ),
                                                                                    },
                                                                                ),
                                                                            ],
                                                                        ),
                                                                        closing_element: Some(
                                                                            JSXClosingElement {
                                                                                span: Span {
                                                                                    start: 90,
                                                                                    end: 101,
                                                                                },
                                                                                node_id: Cell {
                                                                                    value: NodeId(0),
                                                                                },
                                                                                name: Identifier(
                                                                                    JSXIdentifier {
                                                                                        span: Span {
                                                                                            start: 92,
                                                                                            end: 100,
                                                                                        },
                                                                                        node_id: Cell {
                                                                                            value: NodeId(0),
                                                                                        },
                                                                                        name: "template",
                                                                                    },
                                                                                ),
                                                                            },
                                                                        ),
                                                                    },
                                                                ),
                                                                Text(
                                                                    JSXText {
                                                                        span: Span {
                                                                            start: 101,
                                                                            end: 103,
                                                                        },
                                                                        node_id: Cell {
                                                                            value: NodeId(0),
                                                                        },
                                                                        value: "\n\n",
                                                                        raw: Some(
                                                                            "\n\n",
                                                                        ),
                                                                    },
                                                                ),
                                                                Element(
                                                                    JSXElement {
                                                                        span: Span {
                                                                            start: 103,
                                                                            end: 222,
                                                                        },
                                                                        node_id: Cell {
                                                                            value: NodeId(0),
                                                                        },
                                                                        opening_element: JSXOpeningElement {
                                                                            span: Span {
                                                                                start: 103,
                                                                                end: 121,
                                                                            },
                                                                            node_id: Cell {
                                                                                value: NodeId(0),
                                                                            },
                                                                            name: Identifier(
                                                                                JSXIdentifier {
                                                                                    span: Span {
                                                                                        start: 104,
                                                                                        end: 110,
                                                                                    },
                                                                                    node_id: Cell {
                                                                                        value: NodeId(0),
                                                                                    },
                                                                                    name: "script",
                                                                                },
                                                                            ),
                                                                            type_arguments: None,
                                                                            attributes: Vec(
                                                                                [
                                                                                    Attribute(
                                                                                        JSXAttribute {
                                                                                            span: Span {
                                                                                                start: 111,
                                                                                                end: 120,
                                                                                            },
                                                                                            node_id: Cell {
                                                                                                value: NodeId(0),
                                                                                            },
                                                                                            name: Identifier(
                                                                                                JSXIdentifier {
                                                                                                    span: Span {
                                                                                                        start: 111,
                                                                                                        end: 115,
                                                                                                    },
                                                                                                    node_id: Cell {
                                                                                                        value: NodeId(0),
                                                                                                    },
                                                                                                    name: "lang",
                                                                                                },
                                                                                            ),
                                                                                            value: Some(
                                                                                                StringLiteral(
                                                                                                    StringLiteral {
                                                                                                        span: Span {
                                                                                                            start: 117,
                                                                                                            end: 119,
                                                                                                        },
                                                                                                        node_id: Cell {
                                                                                                            value: NodeId(0),
                                                                                                        },
                                                                                                        lone_surrogates: false,
                                                                                                        value: "ts",
                                                                                                        raw: None,
                                                                                                    },
                                                                                                ),
                                                                                            ),
                                                                                        },
                                                                                    ),
                                                                                ],
                                                                            ),
                                                                        },
                                                                        children: Vec(
                                                                            [],
                                                                        ),
                                                                        closing_element: Some(
                                                                            JSXClosingElement {
                                                                                span: Span {
                                                                                    start: 213,
                                                                                    end: 222,
                                                                                },
                                                                                node_id: Cell {
                                                                                    value: NodeId(0),
                                                                                },
                                                                                name: Identifier(
                                                                                    JSXIdentifier {
                                                                                        span: Span {
                                                                                            start: 215,
                                                                                            end: 221,
                                                                                        },
                                                                                        node_id: Cell {
                                                                                            value: NodeId(0),
                                                                                        },
                                                                                        name: "script",
                                                                                    },
                                                                                ),
                                                                            },
                                                                        ),
                                                                    },
                                                                ),
                                                                Text(
                                                                    JSXText {
                                                                        span: Span {
                                                                            start: 222,
                                                                            end: 224,
                                                                        },
                                                                        node_id: Cell {
                                                                            value: NodeId(0),
                                                                        },
                                                                        value: "\n\n",
                                                                        raw: Some(
                                                                            "\n\n",
                                                                        ),
                                                                    },
                                                                ),
                                                                Element(
                                                                    JSXElement {
                                                                        span: Span {
                                                                            start: 224,
                                                                            end: 281,
                                                                        },
                                                                        node_id: Cell {
                                                                            value: NodeId(0),
                                                                        },
                                                                        opening_element: JSXOpeningElement {
                                                                            span: Span {
                                                                                start: 224,
                                                                                end: 248,
                                                                            },
                                                                            node_id: Cell {
                                                                                value: NodeId(0),
                                                                            },
                                                                            name: Identifier(
                                                                                JSXIdentifier {
                                                                                    span: Span {
                                                                                        start: 225,
                                                                                        end: 231,
                                                                                    },
                                                                                    node_id: Cell {
                                                                                        value: NodeId(0),
                                                                                    },
                                                                                    name: "script",
                                                                                },
                                                                            ),
                                                                            type_arguments: None,
                                                                            attributes: Vec(
                                                                                [
                                                                                    Attribute(
                                                                                        JSXAttribute {
                                                                                            span: Span {
                                                                                                start: 232,
                                                                                                end: 241,
                                                                                            },
                                                                                            node_id: Cell {
                                                                                                value: NodeId(0),
                                                                                            },
                                                                                            name: Identifier(
                                                                                                JSXIdentifier {
                                                                                                    span: Span {
                                                                                                        start: 232,
                                                                                                        end: 236,
                                                                                                    },
                                                                                                    node_id: Cell {
                                                                                                        value: NodeId(0),
                                                                                                    },
                                                                                                    name: "lang",
                                                                                                },
                                                                                            ),
                                                                                            value: Some(
                                                                                                StringLiteral(
                                                                                                    StringLiteral {
                                                                                                        span: Span {
                                                                                                            start: 238,
                                                                                                            end: 240,
                                                                                                        },
                                                                                                        node_id: Cell {
                                                                                                            value: NodeId(0),
                                                                                                        },
                                                                                                        lone_surrogates: false,
                                                                                                        value: "ts",
                                                                                                        raw: None,
                                                                                                    },
                                                                                                ),
                                                                                            ),
                                                                                        },
                                                                                    ),
                                                                                    Attribute(
                                                                                        JSXAttribute {
                                                                                            span: Span {
                                                                                                start: 242,
                                                                                                end: 247,
                                                                                            },
                                                                                            node_id: Cell {
                                                                                                value: NodeId(0),
                                                                                            },
                                                                                            name: Identifier(
                                                                                                JSXIdentifier {
                                                                                                    span: Span {
                                                                                                        start: 242,
                                                                                                        end: 247,
                                                                                                    },
                                                                                                    node_id: Cell {
                                                                                                        value: NodeId(0),
                                                                                                    },
                                                                                                    name: "setup",
                                                                                                },
                                                                                            ),
                                                                                            value: None,
                                                                                        },
                                                                                    ),
                                                                                ],
                                                                            ),
                                                                        },
                                                                        children: Vec(
                                                                            [],
                                                                        ),
                                                                        closing_element: Some(
                                                                            JSXClosingElement {
                                                                                span: Span {
                                                                                    start: 272,
                                                                                    end: 281,
                                                                                },
                                                                                node_id: Cell {
                                                                                    value: NodeId(0),
                                                                                },
                                                                                name: Identifier(
                                                                                    JSXIdentifier {
                                                                                        span: Span {
                                                                                            start: 274,
                                                                                            end: 280,
                                                                                        },
                                                                                        node_id: Cell {
                                                                                            value: NodeId(0),
                                                                                        },
                                                                                        name: "script",
                                                                                    },
                                                                                ),
                                                                            },
                                                                        ),
                                                                    },
                                                                ),
                                                                Text(
                                                                    JSXText {
                                                                        span: Span {
                                                                            start: 281,
                                                                            end: 282,
                                                                        },
                                                                        node_id: Cell {
                                                                            value: NodeId(0),
                                                                        },
                                                                        value: "\n",
                                                                        raw: Some(
                                                                            "\n",
                                                                        ),
                                                                    },
                                                                ),
                                                            ],
                                                        ),
                                                        closing_fragment: JSXClosingFragment {
                                                            span: Span {
                                                                start: 0,
                                                                end: 0,
                                                            },
                                                            node_id: Cell {
                                                                value: NodeId(0),
                                                            },
                                                        },
                                                    },
                                                ),
                                            },
                                        ),
                                    ],
                                ),
                            },
                            expression: false,
                            async: true,
                            pure: false,
                            pife: false,
                        },
                    ),
                },
            ),
        ],
    ),
    source_type: SourceType {
        language: TypeScript,
        module_kind: Unambiguous,
        variant: Jsx,
        extension: Some(
            Ts,
        ),
    },
}

===============  Error  ===============
[]

=============== Codegen ===============
async () => {
	<><template>
  <div v-bind:key={1}>{}</div>
</template>

<script lang="ts"></script>

<script lang="ts" setup></script>
</>;
};


===============  Spans  ===============
Slice: "<template>\n  <div :key=\"1 /* vue is full..[OMIT]..setup>\n// Hello\n/* Me too! */\n</script>\n"; 
Span: (0, 282); 
Type: Program; 

Slice: "<template>\n  <div :key=\"1 /* vue is full..[OMIT]..-- Good Morning -->\n  </div>\n</template>"; 
Span: (0, 101); 
Type: JSXElement; 

Slice: "<template>"; 
Span: (0, 10); 
Type: JSXOpeningElement; 

Slice: "template"; 
Span: (1, 9); 
Type: JSXIdentifier; 

Slice: "\n  "; 
Span: (10, 13); 
Type: JSXText; 

Slice: "<div :key=\"1 /* vue is full of magic */\">\n    <!-- Good Morning -->\n  </div>"; 
Span: (13, 89); 
Type: JSXElement; 

Slice: "<div :key=\"1 /* vue is full of magic */\">"; 
Span: (13, 54); 
Type: JSXOpeningElement; 

Slice: "div"; 
Span: (14, 17); 
Type: JSXIdentifier; 

Slice: ":key=\"1 /* vue is full of magic */\""; 
Span: (18, 53); 
Type: JSXAttribute; 

Slice: ":key"; 
Span: (18, 22); 
Type: JSXNamespacedName; 

Slice: ":"; 
Span: (18, 19); 
Type: JSXIdentifier; 

Slice: "key"; 
Span: (19, 22); 
Type: JSXIdentifier; 

Slice: "\"1 /* vue is full of magic */\""; 
Span: (23, 53); 
Type: JSXExpressionContainer; 

Slice: "1"; 
Span: (24, 25); 
Type: NumericLiteral; 

Slice: "<!-- Good Morning -->"; 
Span: (59, 80); 
Type: JSXExpressionContainer; 

Slice: "</div>"; 
Span: (83, 89); 
Type: JSXClosingElement; 

Slice: "div"; 
Span: (85, 88); 
Type: JSXIdentifier; 

Slice: "\n"; 
Span: (89, 90); 
Type: JSXText; 

Slice: "</template>"; 
Span: (90, 101); 
Type: JSXClosingElement; 

Slice: "template"; 
Span: (92, 100); 
Type: JSXIdentifier; 

Slice: "\n\n"; 
Span: (101, 103); 
Type: JSXText; 

Slice: "<script lang=\"ts\">\n// Hello, everyone\n/*..[OMIT]..nd Rust!\n  What about you?\n */\n</script>"; 
Span: (103, 222); 
Type: JSXElement; 

Slice: "<script lang=\"ts\">"; 
Span: (103, 121); 
Type: JSXOpeningElement; 

Slice: "script"; 
Span: (104, 110); 
Type: JSXIdentifier; 

Slice: "lang=\"ts\""; 
Span: (111, 120); 
Type: JSXAttribute; 

Slice: "lang"; 
Span: (111, 115); 
Type: JSXIdentifier; 

Slice: "ts"; 
Span: (117, 119); 
Type: StringLiteral; 

Slice: "</script>"; 
Span: (213, 222); 
Type: JSXClosingElement; 

Slice: "script"; 
Span: (215, 221); 
Type: JSXIdentifier; 

Slice: "\n\n"; 
Span: (222, 224); 
Type: JSXText; 

Slice: "<script lang=\"ts\" setup>\n// Hello\n/* Me too! */\n</script>"; 
Span: (224, 281); 
Type: JSXElement; 

Slice: "<script lang=\"ts\" setup>"; 
Span: (224, 248); 
Type: JSXOpeningElement; 

Slice: "script"; 
Span: (225, 231); 
Type: JSXIdentifier; 

Slice: "lang=\"ts\""; 
Span: (232, 241); 
Type: JSXAttribute; 

Slice: "lang"; 
Span: (232, 236); 
Type: JSXIdentifier; 

Slice: "ts"; 
Span: (238, 240); 
Type: StringLiteral; 

Slice: "setup"; 
Span: (242, 247); 
Type: JSXAttribute; 

Slice: "setup"; 
Span: (242, 247); 
Type: JSXIdentifier; 

Slice: "</script>"; 
Span: (272, 281); 
Type: JSXClosingElement; 

Slice: "script"; 
Span: (274, 280); 
Type: JSXIdentifier; 

Slice: "\n"; 
Span: (281, 282); 
Type: JSXText;
