---
source: crates/vue_oxc_toolkit/src/test.rs
expression: result
---
=============== Program ===============
Program {
    span: Span {
        start: 0,
        end: 119,
    },
    node_id: Cell {
        value: NodeId(0),
    },
    scope_id: Cell {
        value: None,
    },
    source_text: "<template>\n  <div>\n    \n  </div>\n</template>\n\n<script setup>\nimport { ref } from 'vue'\n\nconst count = ref(0)\n</script>\n",
    comments: Vec(
        [],
    ),
    hashbang: None,
    directives: Vec(
        [],
    ),
    body: Vec(
        [
            ImportDeclaration(
                ImportDeclaration {
                    span: Span {
                        start: 61,
                        end: 86,
                    },
                    node_id: Cell {
                        value: NodeId(0),
                    },
                    phase: None,
                    import_kind: Value,
                    specifiers: Some(
                        Vec(
                            [
                                ImportSpecifier(
                                    ImportSpecifier {
                                        span: Span {
                                            start: 70,
                                            end: 73,
                                        },
                                        node_id: Cell {
                                            value: NodeId(0),
                                        },
                                        import_kind: Value,
                                        imported: IdentifierName(
                                            IdentifierName {
                                                span: Span {
                                                    start: 70,
                                                    end: 73,
                                                },
                                                node_id: Cell {
                                                    value: NodeId(0),
                                                },
                                                name: "ref",
                                            },
                                        ),
                                        local: BindingIdentifier {
                                            span: Span {
                                                start: 70,
                                                end: 73,
                                            },
                                            node_id: Cell {
                                                value: NodeId(0),
                                            },
                                            symbol_id: Cell {
                                                value: None,
                                            },
                                            name: "ref",
                                        },
                                    },
                                ),
                            ],
                        ),
                    ),
                    source: StringLiteral {
                        span: Span {
                            start: 81,
                            end: 86,
                        },
                        node_id: Cell {
                            value: NodeId(0),
                        },
                        lone_surrogates: false,
                        value: "vue",
                        raw: Some(
                            "'vue'",
                        ),
                    },
                    with_clause: None,
                },
            ),
            ExpressionStatement(
                ExpressionStatement {
                    span: Span {
                        start: 0,
                        end: 0,
                    },
                    node_id: Cell {
                        value: NodeId(0),
                    },
                    expression: ArrowFunctionExpression(
                        ArrowFunctionExpression {
                            span: Span {
                                start: 0,
                                end: 0,
                            },
                            node_id: Cell {
                                value: NodeId(0),
                            },
                            scope_id: Cell {
                                value: None,
                            },
                            type_parameters: None,
                            params: FormalParameters {
                                span: Span {
                                    start: 0,
                                    end: 0,
                                },
                                node_id: Cell {
                                    value: NodeId(0),
                                },
                                kind: ArrowFormalParameters,
                                items: Vec(
                                    [],
                                ),
                                rest: None,
                            },
                            return_type: None,
                            body: FunctionBody {
                                span: Span {
                                    start: 0,
                                    end: 0,
                                },
                                node_id: Cell {
                                    value: NodeId(0),
                                },
                                directives: Vec(
                                    [],
                                ),
                                statements: Vec(
                                    [
                                        VariableDeclaration(
                                            VariableDeclaration {
                                                span: Span {
                                                    start: 88,
                                                    end: 108,
                                                },
                                                node_id: Cell {
                                                    value: NodeId(0),
                                                },
                                                kind: Const,
                                                declare: false,
                                                declarations: Vec(
                                                    [
                                                        VariableDeclarator {
                                                            span: Span {
                                                                start: 94,
                                                                end: 108,
                                                            },
                                                            node_id: Cell {
                                                                value: NodeId(0),
                                                            },
                                                            kind: Const,
                                                            definite: false,
                                                            id: BindingIdentifier(
                                                                BindingIdentifier {
                                                                    span: Span {
                                                                        start: 94,
                                                                        end: 99,
                                                                    },
                                                                    node_id: Cell {
                                                                        value: NodeId(0),
                                                                    },
                                                                    symbol_id: Cell {
                                                                        value: None,
                                                                    },
                                                                    name: "count",
                                                                },
                                                            ),
                                                            type_annotation: None,
                                                            init: Some(
                                                                CallExpression(
                                                                    CallExpression {
                                                                        span: Span {
                                                                            start: 102,
                                                                            end: 108,
                                                                        },
                                                                        node_id: Cell {
                                                                            value: NodeId(0),
                                                                        },
                                                                        optional: false,
                                                                        pure: false,
                                                                        callee: Identifier(
                                                                            IdentifierReference {
                                                                                span: Span {
                                                                                    start: 102,
                                                                                    end: 105,
                                                                                },
                                                                                node_id: Cell {
                                                                                    value: NodeId(0),
                                                                                },
                                                                                reference_id: Cell {
                                                                                    value: None,
                                                                                },
                                                                                name: "ref",
                                                                            },
                                                                        ),
                                                                        type_arguments: None,
                                                                        arguments: Vec(
                                                                            [
                                                                                NumericLiteral(
                                                                                    NumericLiteral {
                                                                                        span: Span {
                                                                                            start: 106,
                                                                                            end: 107,
                                                                                        },
                                                                                        node_id: Cell {
                                                                                            value: NodeId(0),
                                                                                        },
                                                                                        base: Decimal,
                                                                                        raw: Some(
                                                                                            "0",
                                                                                        ),
                                                                                        value: 0.0,
                                                                                    },
                                                                                ),
                                                                            ],
                                                                        ),
                                                                    },
                                                                ),
                                                            ),
                                                        },
                                                    ],
                                                ),
                                            },
                                        ),
                                        ExpressionStatement(
                                            ExpressionStatement {
                                                span: Span {
                                                    start: 0,
                                                    end: 0,
                                                },
                                                node_id: Cell {
                                                    value: NodeId(0),
                                                },
                                                expression: JSXFragment(
                                                    JSXFragment {
                                                        span: Span {
                                                            start: 0,
                                                            end: 0,
                                                        },
                                                        node_id: Cell {
                                                            value: NodeId(0),
                                                        },
                                                        opening_fragment: JSXOpeningFragment {
                                                            span: Span {
                                                                start: 0,
                                                                end: 0,
                                                            },
                                                            node_id: Cell {
                                                                value: NodeId(0),
                                                            },
                                                        },
                                                        children: Vec(
                                                            [
                                                                Element(
                                                                    JSXElement {
                                                                        span: Span {
                                                                            start: 0,
                                                                            end: 44,
                                                                        },
                                                                        node_id: Cell {
                                                                            value: NodeId(0),
                                                                        },
                                                                        opening_element: JSXOpeningElement {
                                                                            span: Span {
                                                                                start: 0,
                                                                                end: 10,
                                                                            },
                                                                            node_id: Cell {
                                                                                value: NodeId(0),
                                                                            },
                                                                            name: Identifier(
                                                                                JSXIdentifier {
                                                                                    span: Span {
                                                                                        start: 1,
                                                                                        end: 9,
                                                                                    },
                                                                                    node_id: Cell {
                                                                                        value: NodeId(0),
                                                                                    },
                                                                                    name: "template",
                                                                                },
                                                                            ),
                                                                            type_arguments: None,
                                                                            attributes: Vec(
                                                                                [],
                                                                            ),
                                                                        },
                                                                        children: Vec(
                                                                            [
                                                                                Text(
                                                                                    JSXText {
                                                                                        span: Span {
                                                                                            start: 10,
                                                                                            end: 13,
                                                                                        },
                                                                                        node_id: Cell {
                                                                                            value: NodeId(0),
                                                                                        },
                                                                                        value: "\n  ",
                                                                                        raw: Some(
                                                                                            "\n  ",
                                                                                        ),
                                                                                    },
                                                                                ),
                                                                                Element(
                                                                                    JSXElement {
                                                                                        span: Span {
                                                                                            start: 13,
                                                                                            end: 32,
                                                                                        },
                                                                                        node_id: Cell {
                                                                                            value: NodeId(0),
                                                                                        },
                                                                                        opening_element: JSXOpeningElement {
                                                                                            span: Span {
                                                                                                start: 13,
                                                                                                end: 18,
                                                                                            },
                                                                                            node_id: Cell {
                                                                                                value: NodeId(0),
                                                                                            },
                                                                                            name: Identifier(
                                                                                                JSXIdentifier {
                                                                                                    span: Span {
                                                                                                        start: 14,
                                                                                                        end: 17,
                                                                                                    },
                                                                                                    node_id: Cell {
                                                                                                        value: NodeId(0),
                                                                                                    },
                                                                                                    name: "div",
                                                                                                },
                                                                                            ),
                                                                                            type_arguments: None,
                                                                                            attributes: Vec(
                                                                                                [],
                                                                                            ),
                                                                                        },
                                                                                        children: Vec(
                                                                                            [],
                                                                                        ),
                                                                                        closing_element: Some(
                                                                                            JSXClosingElement {
                                                                                                span: Span {
                                                                                                    start: 26,
                                                                                                    end: 32,
                                                                                                },
                                                                                                node_id: Cell {
                                                                                                    value: NodeId(0),
                                                                                                },
                                                                                                name: Identifier(
                                                                                                    JSXIdentifier {
                                                                                                        span: Span {
                                                                                                            start: 28,
                                                                                                            end: 31,
                                                                                                        },
                                                                                                        node_id: Cell {
                                                                                                            value: NodeId(0),
                                                                                                        },
                                                                                                        name: "div",
                                                                                                    },
                                                                                                ),
                                                                                            },
                                                                                        ),
                                                                                    },
                                                                                ),
                                                                                Text(
                                                                                    JSXText {
                                                                                        span: Span {
                                                                                            start: 32,
                                                                                            end: 33,
                                                                                        },
                                                                                        node_id: Cell {
                                                                                            value: NodeId(0),
                                                                                        },
                                                                                        value: "\n",
                                                                                        raw: Some(
                                                                                            "\n",
                                                                                        ),
                                                                                    },
                                                                                ),
                                                                            ],
                                                                        ),
                                                                        closing_element: Some(
                                                                            JSXClosingElement {
                                                                                span: Span {
                                                                                    start: 33,
                                                                                    end: 44,
                                                                                },
                                                                                node_id: Cell {
                                                                                    value: NodeId(0),
                                                                                },
                                                                                name: Identifier(
                                                                                    JSXIdentifier {
                                                                                        span: Span {
                                                                                            start: 35,
                                                                                            end: 43,
                                                                                        },
                                                                                        node_id: Cell {
                                                                                            value: NodeId(0),
                                                                                        },
                                                                                        name: "template",
                                                                                    },
                                                                                ),
                                                                            },
                                                                        ),
                                                                    },
                                                                ),
                                                                Text(
                                                                    JSXText {
                                                                        span: Span {
                                                                            start: 44,
                                                                            end: 46,
                                                                        },
                                                                        node_id: Cell {
                                                                            value: NodeId(0),
                                                                        },
                                                                        value: "\n\n",
                                                                        raw: Some(
                                                                            "\n\n",
                                                                        ),
                                                                    },
                                                                ),
                                                                Element(
                                                                    JSXElement {
                                                                        span: Span {
                                                                            start: 46,
                                                                            end: 118,
                                                                        },
                                                                        node_id: Cell {
                                                                            value: NodeId(0),
                                                                        },
                                                                        opening_element: JSXOpeningElement {
                                                                            span: Span {
                                                                                start: 46,
                                                                                end: 60,
                                                                            },
                                                                            node_id: Cell {
                                                                                value: NodeId(0),
                                                                            },
                                                                            name: Identifier(
                                                                                JSXIdentifier {
                                                                                    span: Span {
                                                                                        start: 47,
                                                                                        end: 53,
                                                                                    },
                                                                                    node_id: Cell {
                                                                                        value: NodeId(0),
                                                                                    },
                                                                                    name: "script",
                                                                                },
                                                                            ),
                                                                            type_arguments: None,
                                                                            attributes: Vec(
                                                                                [
                                                                                    Attribute(
                                                                                        JSXAttribute {
                                                                                            span: Span {
                                                                                                start: 54,
                                                                                                end: 59,
                                                                                            },
                                                                                            node_id: Cell {
                                                                                                value: NodeId(0),
                                                                                            },
                                                                                            name: Identifier(
                                                                                                JSXIdentifier {
                                                                                                    span: Span {
                                                                                                        start: 54,
                                                                                                        end: 59,
                                                                                                    },
                                                                                                    node_id: Cell {
                                                                                                        value: NodeId(0),
                                                                                                    },
                                                                                                    name: "setup",
                                                                                                },
                                                                                            ),
                                                                                            value: None,
                                                                                        },
                                                                                    ),
                                                                                ],
                                                                            ),
                                                                        },
                                                                        children: Vec(
                                                                            [],
                                                                        ),
                                                                        closing_element: Some(
                                                                            JSXClosingElement {
                                                                                span: Span {
                                                                                    start: 109,
                                                                                    end: 118,
                                                                                },
                                                                                node_id: Cell {
                                                                                    value: NodeId(0),
                                                                                },
                                                                                name: Identifier(
                                                                                    JSXIdentifier {
                                                                                        span: Span {
                                                                                            start: 111,
                                                                                            end: 117,
                                                                                        },
                                                                                        node_id: Cell {
                                                                                            value: NodeId(0),
                                                                                        },
                                                                                        name: "script",
                                                                                    },
                                                                                ),
                                                                            },
                                                                        ),
                                                                    },
                                                                ),
                                                                Text(
                                                                    JSXText {
                                                                        span: Span {
                                                                            start: 118,
                                                                            end: 119,
                                                                        },
                                                                        node_id: Cell {
                                                                            value: NodeId(0),
                                                                        },
                                                                        value: "\n",
                                                                        raw: Some(
                                                                            "\n",
                                                                        ),
                                                                    },
                                                                ),
                                                            ],
                                                        ),
                                                        closing_fragment: JSXClosingFragment {
                                                            span: Span {
                                                                start: 0,
                                                                end: 0,
                                                            },
                                                            node_id: Cell {
                                                                value: NodeId(0),
                                                            },
                                                        },
                                                    },
                                                ),
                                            },
                                        ),
                                    ],
                                ),
                            },
                            expression: false,
                            async: true,
                            pure: false,
                            pife: false,
                        },
                    ),
                },
            ),
        ],
    ),
    source_type: SourceType {
        language: JavaScript,
        module_kind: Unambiguous,
        variant: Jsx,
        extension: Some(
            Js,
        ),
    },
}

===============  Error  ===============
[]

=============== Codegen ===============
import { ref } from "vue";
async () => {
	const count = ref(0);
	<><template>
  <div></div>
</template>

<script setup></script>
</>;
};


===============  Spans  ===============
Slice: "<template>\n  <div>\n    \n  </div>\n</templ..[OMIT]..m 'vue'\n\nconst count = ref(0)\n</script>\n"; 
Span: (0, 119); 
Type: Program; 

Slice: "import { ref } from 'vue'"; 
Span: (61, 86); 
Type: ImportDeclaration; 

Slice: "ref"; 
Span: (70, 73); 
Type: ImportSpecifier; 

Slice: "ref"; 
Span: (70, 73); 
Type: IdentifierName; 

Slice: "ref"; 
Span: (70, 73); 
Type: BindingIdentifier; 

Slice: "'vue'"; 
Span: (81, 86); 
Type: StringLiteral; 

Slice: "const count = ref(0)"; 
Span: (88, 108); 
Type: VariableDeclaration; 

Slice: "count = ref(0)"; 
Span: (94, 108); 
Type: VariableDeclarator; 

Slice: "count"; 
Span: (94, 99); 
Type: BindingIdentifier; 

Slice: "ref(0)"; 
Span: (102, 108); 
Type: CallExpression; 

Slice: "ref"; 
Span: (102, 105); 
Type: IdentifierReference; 

Slice: "0"; 
Span: (106, 107); 
Type: NumericLiteral; 

Slice: "<template>\n  <div>\n    \n  </div>\n</template>"; 
Span: (0, 44); 
Type: JSXElement; 

Slice: "<template>"; 
Span: (0, 10); 
Type: JSXOpeningElement; 

Slice: "template"; 
Span: (1, 9); 
Type: JSXIdentifier; 

Slice: "\n  "; 
Span: (10, 13); 
Type: JSXText; 

Slice: "<div>\n    \n  </div>"; 
Span: (13, 32); 
Type: JSXElement; 

Slice: "<div>"; 
Span: (13, 18); 
Type: JSXOpeningElement; 

Slice: "div"; 
Span: (14, 17); 
Type: JSXIdentifier; 

Slice: "</div>"; 
Span: (26, 32); 
Type: JSXClosingElement; 

Slice: "div"; 
Span: (28, 31); 
Type: JSXIdentifier; 

Slice: "\n"; 
Span: (32, 33); 
Type: JSXText; 

Slice: "</template>"; 
Span: (33, 44); 
Type: JSXClosingElement; 

Slice: "template"; 
Span: (35, 43); 
Type: JSXIdentifier; 

Slice: "\n\n"; 
Span: (44, 46); 
Type: JSXText; 

Slice: "<script setup>\nimport { ref } from 'vue'\n\nconst count = ref(0)\n</script>"; 
Span: (46, 118); 
Type: JSXElement; 

Slice: "<script setup>"; 
Span: (46, 60); 
Type: JSXOpeningElement; 

Slice: "script"; 
Span: (47, 53); 
Type: JSXIdentifier; 

Slice: "setup"; 
Span: (54, 59); 
Type: JSXAttribute; 

Slice: "setup"; 
Span: (54, 59); 
Type: JSXIdentifier; 

Slice: "</script>"; 
Span: (109, 118); 
Type: JSXClosingElement; 

Slice: "script"; 
Span: (111, 117); 
Type: JSXIdentifier; 

Slice: "\n"; 
Span: (118, 119); 
Type: JSXText;
